0 verbose cli C:\Program Files\nodejs\node.exe C:\Users\ASUS\AppData\Roaming\npm\node_modules\npm\bin\npm-cli.js
1 info using npm@11.14.1
2 info using node@v22.22.1
3 silly config load:file:C:\Users\ASUS\AppData\Roaming\npm\node_modules\npm\npmrc
4 silly config load:file:C:\Users\ASUS\Desktop\GoogleReview\google-review-backend\.npmrc
5 silly config load:file:C:\Users\ASUS\.npmrc
6 silly config load:file:C:\Users\ASUS\AppData\Roaming\npm\etc\npmrc
7 verbose title npm install nodemon
8 verbose argv "install" "--save-dev" "nodemon"
9 verbose logfile logs-max:10 dir:C:\Users\ASUS\Desktop\GoogleReview\google-review-backend\clean\_logs\2026-08-22T23_05_24_653Z-
10 verbose logfile C:\Users\ASUS\Desktop\GoogleReview\google-review-backend\clean\_logs\2026-08-22T23_05_24_653Z-debug-0.log
11 silly logfile done cleaning log files
12 silly packumentCache heap:2197815296 maxSize:549453824 maxEntrySize:274726912
13 silly idealTree buildDeps
14 silly fetch manifest nodemon@*
15 silly packumentCache full:https://registry.npmjs.org/nodemon cache-miss
16 http fetch GET 200 https://registry.npmjs.org/nodemon 439ms (cache miss)
17 silly packumentCache full:https://registry.npmjs.org/nodemon set size:undefined disposed:false
18 silly placeDep ROOT nodemon@3.1.14 OK for: google-review-backend@1.0.0 want: *
19 silly fetch manifest touch@^3.1.0
20 silly packumentCache full:https://registry.npmjs.org/touch cache-miss
21 silly fetch manifest chokidar@^3.5.2
22 silly packumentCache full:https://registry.npmjs.org/chokidar cache-miss
23 silly fetch manifest minimatch@^10.2.1
24 silly packumentCache full:https://registry.npmjs.org/minimatch cache-miss
25 http fetch GET 200 https://registry.npmjs.org/chokidar 305ms (cache miss)
26 silly packumentCache full:https://registry.npmjs.org/chokidar set size:undefined disposed:false
27 silly fetch manifest undefsafe@^2.0.5
28 silly packumentCache full:https://registry.npmjs.org/undefsafe cache-miss
29 http fetch GET 200 https://registry.npmjs.org/touch 372ms (cache miss)
30 silly packumentCache full:https://registry.npmjs.org/touch set size:undefined disposed:false
31 silly fetch manifest pstree.remy@^1.1.8
32 silly packumentCache full:https://registry.npmjs.org/pstree.remy cache-miss
33 http fetch GET 200 https://registry.npmjs.org/minimatch 390ms (cache miss)
34 silly packumentCache full:https://registry.npmjs.org/minimatch set size:undefined disposed:false
35 silly fetch manifest supports-color@^5.5.0
36 silly packumentCache full:https://registry.npmjs.org/supports-color cache-miss
37 http fetch GET 200 https://registry.npmjs.org/undefsafe 117ms (cache miss)
38 silly packumentCache full:https://registry.npmjs.org/undefsafe set size:undefined disposed:false
39 silly fetch manifest ignore-by-default@^1.0.1
40 silly packumentCache full:https://registry.npmjs.org/ignore-by-default cache-miss
41 http fetch GET 200 https://registry.npmjs.org/pstree.remy 90ms (cache miss)
42 silly packumentCache full:https://registry.npmjs.org/pstree.remy set size:undefined disposed:false
43 silly fetch manifest simple-update-notifier@^2.0.0
44 silly packumentCache full:https://registry.npmjs.org/simple-update-notifier cache-miss
45 http fetch GET 200 https://registry.npmjs.org/supports-color 94ms (cache miss)
46 silly packumentCache full:https://registry.npmjs.org/supports-color set size:undefined disposed:false
47 http fetch GET 200 https://registry.npmjs.org/ignore-by-default 84ms (cache miss)
48 silly packumentCache full:https://registry.npmjs.org/ignore-by-default set size:undefined disposed:false
49 http fetch GET 200 https://registry.npmjs.org/simple-update-notifier 243ms (cache miss)
50 silly packumentCache full:https://registry.npmjs.org/simple-update-notifier set size:undefined disposed:false
51 silly placeDep ROOT chokidar@3.6.0 OK for: nodemon@3.1.14 want: ^3.5.2
52 silly placeDep ROOT ignore-by-default@1.0.1 OK for: nodemon@3.1.14 want: ^1.0.1
53 silly placeDep ROOT minimatch@10.2.6 OK for: nodemon@3.1.14 want: ^10.2.1
54 silly placeDep ROOT pstree.remy@1.1.8 OK for: nodemon@3.1.14 want: ^1.1.8
55 silly placeDep ROOT simple-update-notifier@2.0.0 OK for: nodemon@3.1.14 want: ^2.0.0
56 silly placeDep ROOT supports-color@5.5.0 OK for: nodemon@3.1.14 want: ^5.5.0
57 silly placeDep ROOT touch@3.1.1 OK for: nodemon@3.1.14 want: ^3.1.0
58 silly placeDep ROOT undefsafe@2.0.5 OK for: nodemon@3.1.14 want: ^2.0.5
59 silly fetch manifest braces@~3.0.2
60 silly packumentCache full:https://registry.npmjs.org/braces cache-miss
61 silly fetch manifest is-glob@~4.0.1
62 silly packumentCache full:https://registry.npmjs.org/is-glob cache-miss
63 silly fetch manifest anymatch@~3.1.2
64 silly packumentCache full:https://registry.npmjs.org/anymatch cache-miss
65 http fetch GET 200 https://registry.npmjs.org/anymatch 89ms (cache miss)
66 silly packumentCache full:https://registry.npmjs.org/anymatch set size:undefined disposed:false
67 silly fetch manifest readdirp@~3.6.0
68 silly packumentCache full:https://registry.npmjs.org/readdirp cache-miss
69 http fetch GET 200 https://registry.npmjs.org/is-glob 96ms (cache miss)
70 silly packumentCache full:https://registry.npmjs.org/is-glob set size:undefined disposed:false
71 silly fetch manifest glob-parent@~5.1.2
72 silly packumentCache full:https://registry.npmjs.org/glob-parent cache-miss
73 http fetch GET 200 https://registry.npmjs.org/braces 116ms (cache miss)
74 silly packumentCache full:https://registry.npmjs.org/braces set size:undefined disposed:false
75 silly fetch manifest is-binary-path@~2.1.0
76 silly packumentCache full:https://registry.npmjs.org/is-binary-path cache-miss
77 http fetch GET 200 https://registry.npmjs.org/readdirp 76ms (cache miss)
78 silly packumentCache full:https://registry.npmjs.org/readdirp set size:undefined disposed:false
79 silly fetch manifest normalize-path@~3.0.0
80 silly packumentCache full:https://registry.npmjs.org/normalize-path cache-miss
81 http fetch GET 200 https://registry.npmjs.org/glob-parent 87ms (cache miss)
82 silly packumentCache full:https://registry.npmjs.org/glob-parent set size:undefined disposed:false
83 silly fetch manifest fsevents@~2.3.2
84 silly packumentCache full:https://registry.npmjs.org/fsevents cache-miss
85 http fetch GET 200 https://registry.npmjs.org/is-binary-path 80ms (cache miss)
86 silly packumentCache full:https://registry.npmjs.org/is-binary-path set size:undefined disposed:false
87 silly fetch manifest brace-expansion@^5.0.8
88 silly packumentCache full:https://registry.npmjs.org/brace-expansion cache-miss
89 http fetch GET 200 https://registry.npmjs.org/normalize-path 68ms (cache miss)
90 silly packumentCache full:https://registry.npmjs.org/normalize-path set size:undefined disposed:false
91 silly fetch manifest has-flag@^3.0.0
92 silly packumentCache full:https://registry.npmjs.org/has-flag cache-miss
93 http fetch GET 200 https://registry.npmjs.org/brace-expansion 78ms (cache miss)
94 silly packumentCache full:https://registry.npmjs.org/brace-expansion set size:undefined disposed:false
95 http fetch GET 200 https://registry.npmjs.org/fsevents 96ms (cache miss)
96 silly packumentCache full:https://registry.npmjs.org/fsevents set size:undefined disposed:false
97 http fetch GET 200 https://registry.npmjs.org/has-flag 68ms (cache miss)
98 silly packumentCache full:https://registry.npmjs.org/has-flag set size:undefined disposed:false
99 silly placeDep ROOT anymatch@3.1.3 OK for: chokidar@3.6.0 want: ~3.1.2
100 silly placeDep ROOT braces@3.0.3 OK for: chokidar@3.6.0 want: ~3.0.2
101 silly placeDep ROOT fsevents@2.3.3 OK for: chokidar@3.6.0 want: ~2.3.2
102 silly placeDep ROOT glob-parent@5.1.2 OK for: chokidar@3.6.0 want: ~5.1.2
103 silly placeDep ROOT is-binary-path@2.1.0 OK for: chokidar@3.6.0 want: ~2.1.0
104 silly placeDep ROOT is-glob@4.0.3 OK for: chokidar@3.6.0 want: ~4.0.1
105 silly placeDep ROOT normalize-path@3.0.0 OK for: chokidar@3.6.0 want: ~3.0.0
106 silly placeDep ROOT readdirp@3.6.0 OK for: chokidar@3.6.0 want: ~3.6.0
107 silly fetch manifest picomatch@^2.0.4
108 silly packumentCache full:https://registry.npmjs.org/picomatch cache-miss
109 silly fetch manifest normalize-path@^3.0.0
110 silly packumentCache full:https://registry.npmjs.org/normalize-path cache-miss
111 silly fetch manifest fill-range@^7.1.1
112 silly packumentCache full:https://registry.npmjs.org/fill-range cache-miss
113 http cache https://registry.npmjs.org/normalize-path 66ms (cache hit)
114 silly packumentCache full:https://registry.npmjs.org/normalize-path set size:28713 disposed:false
115 silly fetch manifest is-glob@^4.0.1
116 silly packumentCache full:https://registry.npmjs.org/is-glob cache-miss
117 http cache https://registry.npmjs.org/is-glob 51ms (cache hit)
118 silly packumentCache full:https://registry.npmjs.org/is-glob set size:40530 disposed:false
119 silly fetch manifest binary-extensions@^2.0.0
120 silly packumentCache full:https://registry.npmjs.org/binary-extensions cache-miss
121 http fetch GET 200 https://registry.npmjs.org/fill-range 135ms (cache miss)
122 silly packumentCache full:https://registry.npmjs.org/fill-range set size:undefined disposed:false
123 silly fetch manifest is-extglob@^2.1.1
124 silly packumentCache full:https://registry.npmjs.org/is-extglob cache-miss
125 http fetch GET 200 https://registry.npmjs.org/picomatch 155ms (cache miss)
126 silly packumentCache full:https://registry.npmjs.org/picomatch set size:undefined disposed:false
127 silly fetch manifest picomatch@^2.2.1
128 silly packumentCache full:https://registry.npmjs.org/picomatch cache-miss
129 http cache https://registry.npmjs.org/picomatch 20ms (cache hit)
130 silly packumentCache full:https://registry.npmjs.org/picomatch set size:128942 disposed:false
131 http fetch GET 200 https://registry.npmjs.org/is-extglob 77ms (cache miss)
132 silly packumentCache full:https://registry.npmjs.org/is-extglob set size:undefined disposed:false
133 http fetch GET 200 https://registry.npmjs.org/binary-extensions 107ms (cache miss)
134 silly packumentCache full:https://registry.npmjs.org/binary-extensions set size:undefined disposed:false
135 silly placeDep ROOT picomatch@2.3.2 OK for: anymatch@3.1.3 want: ^2.0.4
136 silly placeDep ROOT fill-range@7.1.1 OK for: braces@3.0.3 want: ^7.1.1
137 silly fetch manifest to-regex-range@^5.0.1
138 silly packumentCache full:https://registry.npmjs.org/to-regex-range cache-miss
139 http fetch GET 200 https://registry.npmjs.org/to-regex-range 338ms (cache miss)
140 silly packumentCache full:https://registry.npmjs.org/to-regex-range set size:undefined disposed:false
141 silly placeDep ROOT to-regex-range@5.0.1 OK for: fill-range@7.1.1 want: ^5.0.1
142 silly fetch manifest is-number@^7.0.0
143 silly packumentCache full:https://registry.npmjs.org/is-number cache-miss
144 http fetch GET 200 https://registry.npmjs.org/is-number 100ms (cache miss)
145 silly packumentCache full:https://registry.npmjs.org/is-number set size:undefined disposed:false
146 silly placeDep ROOT binary-extensions@2.3.0 OK for: is-binary-path@2.1.0 want: ^2.0.0
147 silly placeDep ROOT is-extglob@2.1.1 OK for: is-glob@4.0.3 want: ^2.1.1
148 silly placeDep ROOT brace-expansion@5.0.9 OK for: minimatch@10.2.6 want: ^5.0.8
149 silly fetch manifest balanced-match@^4.0.2
150 silly packumentCache full:https://registry.npmjs.org/balanced-match cache-miss
151 http fetch GET 200 https://registry.npmjs.org/balanced-match 63ms (cache miss)
152 silly packumentCache full:https://registry.npmjs.org/balanced-match set size:undefined disposed:false
153 silly placeDep ROOT balanced-match@4.0.4 OK for: brace-expansion@5.0.9 want: ^4.0.2
154 silly placeDep ROOT has-flag@3.0.0 OK for: supports-color@5.5.0 want: ^3.0.0
155 silly placeDep ROOT is-number@7.0.0 OK for: to-regex-range@5.0.1 want: ^7.0.0
156 silly reify moves {}
157 silly audit bulk request {
157 silly audit   '@types/node': [ '26.2.0' ],
157 silly audit   accepts: [ '2.0.0' ],
157 silly audit   'aws-ssl-profiles': [ '1.1.2' ],
157 silly audit   bcryptjs: [ '3.0.3' ],
157 silly audit   'body-parser': [ '2.3.0' ],
157 silly audit   'content-type': [ '2.1.0', '1.0.5' ],
157 silly audit   'buffer-equal-constant-time': [ '1.0.1' ],
157 silly audit   bytes: [ '3.1.2' ],
157 silly audit   'call-bind-apply-helpers': [ '1.0.2' ],
157 silly audit   'call-bound': [ '1.0.4' ],
157 silly audit   'content-disposition': [ '1.1.0' ],
157 silly audit   cookie: [ '0.7.2' ],
157 silly audit   'cookie-signature': [ '1.2.2' ],
157 silly audit   cors: [ '2.8.6' ],
157 silly audit   debug: [ '4.4.3' ],
157 silly audit   depd: [ '2.0.0' ],
157 silly audit   dotenv: [ '17.4.2' ],
157 silly audit   'dunder-proto': [ '1.0.1' ],
157 silly audit   'ecdsa-sig-formatter': [ '1.0.11' ],
157 silly audit   'ee-first': [ '1.1.1' ],
157 silly audit   encodeurl: [ '2.0.0' ],
157 silly audit   'es-define-property': [ '1.0.1' ],
157 silly audit   'es-errors': [ '1.3.0' ],
157 silly audit   'es-object-atoms': [ '1.1.2' ],
157 silly audit   'escape-html': [ '1.0.3' ],
157 silly audit   etag: [ '1.8.1' ],
157 silly audit   express: [ '5.2.1' ],
157 silly audit   'express-rate-limit': [ '8.6.2' ],
157 silly audit   finalhandler: [ '2.1.1' ],
157 silly audit   forwarded: [ '0.2.0' ],
157 silly audit   fresh: [ '2.0.0' ],
157 silly audit   'function-bind': [ '1.1.2' ],
157 silly audit   'generate-function': [ '2.3.1' ],
157 silly audit   'get-intrinsic': [ '1.3.0' ],
157 silly audit   'get-proto': [ '1.0.1' ],
157 silly audit   gopd: [ '1.2.0' ],
157 silly audit   'has-symbols': [ '1.1.0' ],
157 silly audit   hasown: [ '2.0.4' ],
157 silly audit   helmet: [ '8.3.0' ],
157 silly audit   'http-errors': [ '2.0.1' ],
157 silly audit   'iconv-lite': [ '0.7.3' ],
157 silly audit   inherits: [ '2.0.4' ],
157 silly audit   'ip-address': [ '10.5.0' ],
157 silly audit   'ipaddr.js': [ '1.9.1' ],
157 silly audit   'is-promise': [ '4.0.0' ],
157 silly audit   'is-property': [ '1.0.2' ],
157 silly audit   jsonwebtoken: [ '9.0.3' ],
157 silly audit   jwa: [ '2.0.1' ],
157 silly audit   jws: [ '4.0.1' ],
157 silly audit   'lodash.includes': [ '4.3.0' ],
157 silly audit   'lodash.isboolean': [ '3.0.3' ],
157 silly audit   'lodash.isinteger': [ '4.0.4' ],
157 silly audit   'lodash.isnumber': [ '3.0.3' ],
157 silly audit   'lodash.isplainobject': [ '4.0.6' ],
157 silly audit   'lodash.isstring': [ '4.0.1' ],
157 silly audit   'lodash.once': [ '4.1.1' ],
157 silly audit   long: [ '5.3.2' ],
157 silly audit   'lru.min': [ '1.1.4' ],
157 silly audit   'math-intrinsics': [ '1.1.0' ],
157 silly audit   'media-typer': [ '1.1.1' ],
157 silly audit   'merge-descriptors': [ '2.0.0' ],
157 silly audit   'mime-db': [ '1.54.0' ],
157 silly audit   'mime-types': [ '3.0.2' ],
157 silly audit   ms: [ '2.1.3' ],
157 silly audit   mysql2: [ '3.23.4' ],
157 silly audit   'named-placeholders': [ '1.1.6' ],
157 silly audit   negotiator: [ '1.1.0' ],
157 silly audit   'object-assign': [ '4.1.1' ],
157 silly audit   'object-inspect': [ '1.13.4' ],
157 silly audit   'on-finished': [ '2.4.1' ],
157 silly audit   once: [ '1.4.0' ],
157 silly audit   parseurl: [ '1.3.3' ],
157 silly audit   'path-to-regexp': [ '8.4.2' ],
157 silly audit   'proxy-addr': [ '2.0.7' ],
157 silly audit   qs: [ '6.15.3' ],
157 silly audit   'range-parser': [ '1.3.0' ],
157 silly audit   'raw-body': [ '3.0.2' ],
157 silly audit   router: [ '2.2.0' ],
157 silly audit   'safe-buffer': [ '5.2.1' ],
157 silly audit   'safer-buffer': [ '2.1.2' ],
157 silly audit   semver: [ '7.8.5' ],
157 silly audit   send: [ '1.2.1' ],
157 silly audit   'serve-static': [ '2.2.1' ],
157 silly audit   setprototypeof: [ '1.2.0' ],
157 silly audit   'side-channel': [ '1.1.1' ],
157 silly audit   'side-channel-list': [ '1.0.1' ],
157 silly audit   'side-channel-map': [ '1.0.1' ],
157 silly audit   'side-channel-weakmap': [ '1.0.2' ],
157 silly audit   'sql-escaper': [ '1.5.1' ],
157 silly audit   statuses: [ '2.0.2' ],
157 silly audit   toidentifier: [ '1.0.1' ],
157 silly audit   'type-is': [ '2.1.0' ],
157 silly audit   'undici-types': [ '8.3.0' ],
157 silly audit   unpipe: [ '1.0.0' ],
157 silly audit   vary: [ '1.1.2' ],
157 silly audit   wrappy: [ '1.0.2' ],
157 silly audit   nodemon: [ '3.1.14' ],
157 silly audit   chokidar: [ '3.6.0' ],
157 silly audit   'ignore-by-default': [ '1.0.1' ],
157 silly audit   minimatch: [ '10.2.6' ],
157 silly audit   'pstree.remy': [ '1.1.8' ],
157 silly audit   'simple-update-notifier': [ '2.0.0' ],
157 silly audit   'supports-color': [ '5.5.0' ],
157 silly audit   touch: [ '3.1.1' ],
157 silly audit   undefsafe: [ '2.0.5' ],
157 silly audit   anymatch: [ '3.1.3' ],
157 silly audit   braces: [ '3.0.3' ],
157 silly audit   fsevents: [ '2.3.3' ],
157 silly audit   'glob-parent': [ '5.1.2' ],
157 silly audit   'is-binary-path': [ '2.1.0' ],
157 silly audit   'is-glob': [ '4.0.3' ],
157 silly audit   'normalize-path': [ '3.0.0' ],
157 silly audit   readdirp: [ '3.6.0' ],
157 silly audit   picomatch: [ '2.3.2' ],
157 silly audit   'fill-range': [ '7.1.1' ],
157 silly audit   'to-regex-range': [ '5.0.1' ],
157 silly audit   'binary-extensions': [ '2.3.0' ],
157 silly audit   'is-extglob': [ '2.1.1' ],
157 silly audit   'brace-expansion': [ '5.0.9' ],
157 silly audit   'balanced-match': [ '4.0.4' ],
157 silly audit   'has-flag': [ '3.0.0' ],
157 silly audit   'is-number': [ '7.0.0' ]
157 silly audit }
158 http cache is-number@https://registry.npmjs.org/is-number/-/is-number-7.0.0.tgz 0ms (cache hit)
159 http cache has-flag@https://registry.npmjs.org/has-flag/-/has-flag-3.0.0.tgz 0ms (cache hit)
160 http cache balanced-match@https://registry.npmjs.org/balanced-match/-/balanced-match-4.0.4.tgz 0ms (cache hit)
161 http cache brace-expansion@https://registry.npmjs.org/brace-expansion/-/brace-expansion-5.0.9.tgz 0ms (cache hit)
162 http cache is-extglob@https://registry.npmjs.org/is-extglob/-/is-extglob-2.1.1.tgz 0ms (cache hit)
163 http cache binary-extensions@https://registry.npmjs.org/binary-extensions/-/binary-extensions-2.3.0.tgz 0ms (cache hit)
164 http cache to-regex-range@https://registry.npmjs.org/to-regex-range/-/to-regex-range-5.0.1.tgz 0ms (cache hit)
165 http cache fill-range@https://registry.npmjs.org/fill-range/-/fill-range-7.1.1.tgz 0ms (cache hit)
166 http cache picomatch@https://registry.npmjs.org/picomatch/-/picomatch-2.3.2.tgz 1ms (cache hit)
167 http cache readdirp@https://registry.npmjs.org/readdirp/-/readdirp-3.6.0.tgz 0ms (cache hit)
168 http cache normalize-path@https://registry.npmjs.org/normalize-path/-/normalize-path-3.0.0.tgz 0ms (cache hit)
169 http cache is-glob@https://registry.npmjs.org/is-glob/-/is-glob-4.0.3.tgz 0ms (cache hit)
170 http cache is-binary-path@https://registry.npmjs.org/is-binary-path/-/is-binary-path-2.1.0.tgz 0ms (cache hit)
171 http cache glob-parent@https://registry.npmjs.org/glob-parent/-/glob-parent-5.1.2.tgz 0ms (cache hit)
172 http cache braces@https://registry.npmjs.org/braces/-/braces-3.0.3.tgz 0ms (cache hit)
173 http cache anymatch@https://registry.npmjs.org/anymatch/-/anymatch-3.1.3.tgz 0ms (cache hit)
174 http cache undefsafe@https://registry.npmjs.org/undefsafe/-/undefsafe-2.0.5.tgz 0ms (cache hit)
175 http cache touch@https://registry.npmjs.org/touch/-/touch-3.1.1.tgz 0ms (cache hit)
176 http cache supports-color@https://registry.npmjs.org/supports-color/-/supports-color-5.5.0.tgz 0ms (cache hit)
177 http cache simple-update-notifier@https://registry.npmjs.org/simple-update-notifier/-/simple-update-notifier-2.0.0.tgz 0ms (cache hit)
178 http cache pstree.remy@https://registry.npmjs.org/pstree.remy/-/pstree.remy-1.1.8.tgz 0ms (cache hit)
179 http cache minimatch@https://registry.npmjs.org/minimatch/-/minimatch-10.2.6.tgz 0ms (cache hit)
180 http cache ignore-by-default@https://registry.npmjs.org/ignore-by-default/-/ignore-by-default-1.0.1.tgz 0ms (cache hit)
181 http cache chokidar@https://registry.npmjs.org/chokidar/-/chokidar-3.6.0.tgz 0ms (cache hit)
182 silly tarball no local data for is-number@https://registry.npmjs.org/is-number/-/is-number-7.0.0.tgz. Extracting by manifest.
183 http cache nodemon@https://registry.npmjs.org/nodemon/-/nodemon-3.1.14.tgz 0ms (cache hit)
184 silly tarball no local data for has-flag@https://registry.npmjs.org/has-flag/-/has-flag-3.0.0.tgz. Extracting by manifest.
185 silly tarball no local data for balanced-match@https://registry.npmjs.org/balanced-match/-/balanced-match-4.0.4.tgz. Extracting by manifest.
186 silly tarball no local data for brace-expansion@https://registry.npmjs.org/brace-expansion/-/brace-expansion-5.0.9.tgz. Extracting by manifest.
187 silly tarball no local data for is-extglob@https://registry.npmjs.org/is-extglob/-/is-extglob-2.1.1.tgz. Extracting by manifest.
188 silly tarball no local data for binary-extensions@https://registry.npmjs.org/binary-extensions/-/binary-extensions-2.3.0.tgz. Extracting by manifest.
189 silly tarball no local data for to-regex-range@https://registry.npmjs.org/to-regex-range/-/to-regex-range-5.0.1.tgz. Extracting by manifest.
190 silly tarball no local data for fill-range@https://registry.npmjs.org/fill-range/-/fill-range-7.1.1.tgz. Extracting by manifest.
191 silly tarball no local data for picomatch@https://registry.npmjs.org/picomatch/-/picomatch-2.3.2.tgz. Extracting by manifest.
192 silly tarball no local data for readdirp@https://registry.npmjs.org/readdirp/-/readdirp-3.6.0.tgz. Extracting by manifest.
193 silly tarball no local data for normalize-path@https://registry.npmjs.org/normalize-path/-/normalize-path-3.0.0.tgz. Extracting by manifest.
194 silly tarball no local data for is-glob@https://registry.npmjs.org/is-glob/-/is-glob-4.0.3.tgz. Extracting by manifest.
195 silly tarball no local data for is-binary-path@https://registry.npmjs.org/is-binary-path/-/is-binary-path-2.1.0.tgz. Extracting by manifest.
196 silly tarball no local data for glob-parent@https://registry.npmjs.org/glob-parent/-/glob-parent-5.1.2.tgz. Extracting by manifest.
197 silly tarball no local data for braces@https://registry.npmjs.org/braces/-/braces-3.0.3.tgz. Extracting by manifest.
198 silly tarball no local data for anymatch@https://registry.npmjs.org/anymatch/-/anymatch-3.1.3.tgz. Extracting by manifest.
199 silly tarball no local data for undefsafe@https://registry.npmjs.org/undefsafe/-/undefsafe-2.0.5.tgz. Extracting by manifest.
200 silly tarball no local data for touch@https://registry.npmjs.org/touch/-/touch-3.1.1.tgz. Extracting by manifest.
201 silly tarball no local data for supports-color@https://registry.npmjs.org/supports-color/-/supports-color-5.5.0.tgz. Extracting by manifest.
202 silly tarball no local data for simple-update-notifier@https://registry.npmjs.org/simple-update-notifier/-/simple-update-notifier-2.0.0.tgz. Extracting by manifest.
203 silly tarball no local data for pstree.remy@https://registry.npmjs.org/pstree.remy/-/pstree.remy-1.1.8.tgz. Extracting by manifest.
204 silly tarball no local data for minimatch@https://registry.npmjs.org/minimatch/-/minimatch-10.2.6.tgz. Extracting by manifest.
205 silly tarball no local data for ignore-by-default@https://registry.npmjs.org/ignore-by-default/-/ignore-by-default-1.0.1.tgz. Extracting by manifest.
206 silly tarball no local data for chokidar@https://registry.npmjs.org/chokidar/-/chokidar-3.6.0.tgz. Extracting by manifest.
207 silly tarball no local data for nodemon@https://registry.npmjs.org/nodemon/-/nodemon-3.1.14.tgz. Extracting by manifest.
208 http fetch POST 200 https://registry.npmjs.org/-/npm/v1/security/advisories/bulk 859ms
209 silly audit report {}
210 http fetch GET 200 https://registry.npmjs.org/is-number/-/is-number-7.0.0.tgz 1397ms (cache miss)
211 http fetch GET 200 https://registry.npmjs.org/has-flag/-/has-flag-3.0.0.tgz 1416ms (cache miss)
212 http fetch GET 200 https://registry.npmjs.org/anymatch/-/anymatch-3.1.3.tgz 1480ms (cache miss)
213 http fetch GET 200 https://registry.npmjs.org/touch/-/touch-3.1.1.tgz 1605ms (cache miss)
214 http fetch GET 200 https://registry.npmjs.org/undefsafe/-/undefsafe-2.0.5.tgz 1607ms (cache miss)
215 http fetch GET 200 https://registry.npmjs.org/supports-color/-/supports-color-5.5.0.tgz 1966ms (cache miss)
216 http fetch GET 200 https://registry.npmjs.org/is-extglob/-/is-extglob-2.1.1.tgz 2312ms (cache miss)
217 http fetch GET 200 https://registry.npmjs.org/ignore-by-default/-/ignore-by-default-1.0.1.tgz 2292ms (cache miss)
218 http fetch GET 200 https://registry.npmjs.org/pstree.remy/-/pstree.remy-1.1.8.tgz 2299ms (cache miss)
219 http fetch GET 200 https://registry.npmjs.org/is-glob/-/is-glob-4.0.3.tgz 2314ms (cache miss)
220 http fetch GET 200 https://registry.npmjs.org/is-binary-path/-/is-binary-path-2.1.0.tgz 2325ms (cache miss)
221 http fetch GET 200 https://registry.npmjs.org/normalize-path/-/normalize-path-3.0.0.tgz 2336ms (cache miss)
222 http fetch GET 200 https://registry.npmjs.org/fill-range/-/fill-range-7.1.1.tgz 2495ms (cache miss)
223 http fetch GET 200 https://registry.npmjs.org/glob-parent/-/glob-parent-5.1.2.tgz 2497ms (cache miss)
224 http fetch GET 200 https://registry.npmjs.org/binary-extensions/-/binary-extensions-2.3.0.tgz 2512ms (cache miss)
225 http fetch GET 200 https://registry.npmjs.org/readdirp/-/readdirp-3.6.0.tgz 2510ms (cache miss)
226 http fetch GET 200 https://registry.npmjs.org/to-regex-range/-/to-regex-range-5.0.1.tgz 2564ms (cache miss)
227 http fetch GET 200 https://registry.npmjs.org/chokidar/-/chokidar-3.6.0.tgz 2596ms (cache miss)
228 http fetch GET 200 https://registry.npmjs.org/braces/-/braces-3.0.3.tgz 2621ms (cache miss)
229 http fetch GET 200 https://registry.npmjs.org/picomatch/-/picomatch-2.3.2.tgz 2723ms (cache miss)
230 http fetch GET 200 https://registry.npmjs.org/simple-update-notifier/-/simple-update-notifier-2.0.0.tgz 2766ms (cache miss)
231 http fetch GET 200 https://registry.npmjs.org/balanced-match/-/balanced-match-4.0.4.tgz 2797ms (cache miss)
232 http fetch GET 200 https://registry.npmjs.org/brace-expansion/-/brace-expansion-5.0.9.tgz 2820ms (cache miss)
233 http fetch GET 200 https://registry.npmjs.org/nodemon/-/nodemon-3.1.14.tgz 3930ms (cache miss)
234 http fetch GET 200 https://registry.npmjs.org/minimatch/-/minimatch-10.2.6.tgz 4115ms (cache miss)
235 silly ADD node_modules/is-number
236 silly ADD node_modules/has-flag
237 silly ADD node_modules/balanced-match
238 silly ADD node_modules/brace-expansion
239 silly ADD node_modules/is-extglob
240 silly ADD node_modules/binary-extensions
241 silly ADD node_modules/to-regex-range
242 silly ADD node_modules/fill-range
243 silly ADD node_modules/picomatch
244 silly ADD node_modules/readdirp
245 silly ADD node_modules/normalize-path
246 silly ADD node_modules/is-glob
247 silly ADD node_modules/is-binary-path
248 silly ADD node_modules/glob-parent
249 silly ADD node_modules/braces
250 silly ADD node_modules/anymatch
251 silly ADD node_modules/undefsafe
252 silly ADD node_modules/touch
253 silly ADD node_modules/supports-color
254 silly ADD node_modules/simple-update-notifier
255 silly ADD node_modules/pstree.remy
256 silly ADD node_modules/minimatch
257 silly ADD node_modules/ignore-by-default
258 silly ADD node_modules/chokidar
259 silly ADD node_modules/nodemon
260 verbose cwd C:\Users\ASUS\Desktop\GoogleReview\google-review-backend
261 verbose os Windows_NT 10.0.19045
262 verbose node v22.22.1
263 verbose npm  v11.14.1
264 verbose exit 0
265 info ok
