0 verbose cli C:\Program Files\nodejs\node.exe C:\Users\ASUS\AppData\Roaming\npm\node_modules\npm\bin\npm-cli.js
1 info using npm@11.14.1
2 info using node@v22.22.1
3 silly config load:file:C:\Users\ASUS\AppData\Roaming\npm\node_modules\npm\npmrc
4 silly config load:file:C:\Users\ASUS\Desktop\GoogleReview\google-review-backend\.npmrc
5 silly config load:file:C:\Users\ASUS\.npmrc
6 silly config load:file:C:\Users\ASUS\AppData\Roaming\npm\etc\npmrc
7 verbose title npm install express mysql2 dotenv cors helmet jsonwebtoken bcryptjs express-rate-limit
8 verbose argv "install" "express" "mysql2" "dotenv" "cors" "helmet" "jsonwebtoken" "bcryptjs" "express-rate-limit"
9 verbose logfile logs-max:10 dir:C:\Users\ASUS\Desktop\GoogleReview\google-review-backend\clean\_logs\2026-08-22T23_01_18_846Z-
10 verbose logfile C:\Users\ASUS\Desktop\GoogleReview\google-review-backend\clean\_logs\2026-08-22T23_01_18_846Z-debug-0.log
11 silly logfile done cleaning log files
12 silly packumentCache heap:2197815296 maxSize:549453824 maxEntrySize:274726912
13 silly idealTree buildDeps
14 silly fetch manifest express@*
15 silly packumentCache full:https://registry.npmjs.org/express cache-miss
16 http fetch GET 200 https://registry.npmjs.org/express 470ms (cache miss)
17 silly packumentCache full:https://registry.npmjs.org/express set size:undefined disposed:false
18 silly fetch manifest mysql2@*
19 silly packumentCache full:https://registry.npmjs.org/mysql2 cache-miss
20 http fetch GET 200 https://registry.npmjs.org/mysql2 167ms (cache miss)
21 silly packumentCache full:https://registry.npmjs.org/mysql2 set size:undefined disposed:false
22 silly fetch manifest @types/node@>= 8
23 silly packumentCache full:https://registry.npmjs.org/@types%2fnode cache-miss
24 http fetch GET 200 https://registry.npmjs.org/@types%2fnode 1000ms (cache miss)
25 silly packumentCache full:https://registry.npmjs.org/@types%2fnode set size:undefined disposed:false
26 silly fetch manifest dotenv@*
27 silly packumentCache full:https://registry.npmjs.org/dotenv cache-miss
28 http fetch GET 200 https://registry.npmjs.org/dotenv 123ms (cache miss)
29 silly packumentCache full:https://registry.npmjs.org/dotenv set size:undefined disposed:false
30 silly fetch manifest cors@*
31 silly packumentCache full:https://registry.npmjs.org/cors cache-miss
32 http fetch GET 200 https://registry.npmjs.org/cors 113ms (cache miss)
33 silly packumentCache full:https://registry.npmjs.org/cors set size:undefined disposed:false
34 silly fetch manifest helmet@*
35 silly packumentCache full:https://registry.npmjs.org/helmet cache-miss
36 http fetch GET 200 https://registry.npmjs.org/helmet 98ms (cache miss)
37 silly packumentCache full:https://registry.npmjs.org/helmet set size:undefined disposed:false
38 silly fetch manifest jsonwebtoken@*
39 silly packumentCache full:https://registry.npmjs.org/jsonwebtoken cache-miss
40 http fetch GET 200 https://registry.npmjs.org/jsonwebtoken 85ms (cache miss)
41 silly packumentCache full:https://registry.npmjs.org/jsonwebtoken set size:undefined disposed:false
42 silly fetch manifest bcryptjs@*
43 silly packumentCache full:https://registry.npmjs.org/bcryptjs cache-miss
44 http fetch GET 200 https://registry.npmjs.org/bcryptjs 80ms (cache miss)
45 silly packumentCache full:https://registry.npmjs.org/bcryptjs set size:undefined disposed:false
46 silly fetch manifest express-rate-limit@*
47 silly packumentCache full:https://registry.npmjs.org/express-rate-limit cache-miss
48 http fetch GET 200 https://registry.npmjs.org/express-rate-limit 104ms (cache miss)
49 silly packumentCache full:https://registry.npmjs.org/express-rate-limit set size:undefined disposed:false
50 silly placeDep ROOT bcryptjs@3.0.3 OK for: google-review-backend@1.0.0 want: *
51 silly placeDep ROOT cors@2.8.6 OK for: google-review-backend@1.0.0 want: *
52 silly placeDep ROOT dotenv@17.4.2 OK for: google-review-backend@1.0.0 want: *
53 silly placeDep ROOT express@5.2.1 OK for: google-review-backend@1.0.0 want: *
54 silly placeDep ROOT express-rate-limit@8.6.2 OK for: google-review-backend@1.0.0 want: *
55 silly placeDep ROOT helmet@8.3.0 OK for: google-review-backend@1.0.0 want: *
56 silly placeDep ROOT jsonwebtoken@9.0.3 OK for: google-review-backend@1.0.0 want: *
57 silly placeDep ROOT mysql2@3.23.4 OK for: google-review-backend@1.0.0 want: *
58 silly placeDep ROOT @types/node@26.2.0 OK for: mysql2@3.23.4 want: >= 8
59 silly fetch manifest object-assign@^4
60 silly packumentCache full:https://registry.npmjs.org/object-assign cache-miss
61 silly fetch manifest vary@^1
62 silly packumentCache full:https://registry.npmjs.org/vary cache-miss
63 silly fetch manifest qs@^6.14.0
64 silly packumentCache full:https://registry.npmjs.org/qs cache-miss
65 http fetch GET 200 https://registry.npmjs.org/object-assign 79ms (cache miss)
66 silly packumentCache full:https://registry.npmjs.org/object-assign set size:undefined disposed:false
67 silly fetch manifest depd@^2.0.0
68 silly packumentCache full:https://registry.npmjs.org/depd cache-miss
69 http fetch GET 200 https://registry.npmjs.org/depd 82ms (cache miss)
70 silly packumentCache full:https://registry.npmjs.org/depd set size:undefined disposed:false
71 silly fetch manifest etag@^1.8.1
72 silly packumentCache full:https://registry.npmjs.org/etag cache-miss
73 http fetch GET 200 https://registry.npmjs.org/etag 110ms (cache miss)
74 silly packumentCache full:https://registry.npmjs.org/etag set size:undefined disposed:false
75 silly fetch manifest once@^1.4.0
76 silly packumentCache full:https://registry.npmjs.org/once cache-miss
77 http fetch GET 200 https://registry.npmjs.org/vary 289ms (cache miss)
78 silly packumentCache full:https://registry.npmjs.org/vary set size:undefined disposed:false
79 silly fetch manifest send@^1.1.0
80 silly packumentCache full:https://registry.npmjs.org/send cache-miss
81 http fetch GET 200 https://registry.npmjs.org/qs 315ms (cache miss)
82 silly packumentCache full:https://registry.npmjs.org/qs set size:undefined disposed:false
83 silly fetch manifest vary@^1.1.2
84 silly packumentCache full:https://registry.npmjs.org/vary cache-miss
85 http cache https://registry.npmjs.org/vary 38ms (cache hit)
86 silly packumentCache full:https://registry.npmjs.org/vary set size:15994 disposed:false
87 silly fetch manifest debug@^4.4.0
88 silly packumentCache full:https://registry.npmjs.org/debug cache-miss
89 http fetch GET 200 https://registry.npmjs.org/once 102ms (cache miss)
90 silly packumentCache full:https://registry.npmjs.org/once set size:undefined disposed:false
91 silly fetch manifest fresh@^2.0.0
92 silly packumentCache full:https://registry.npmjs.org/fresh cache-miss
93 http fetch GET 200 https://registry.npmjs.org/send 103ms (cache miss)
94 silly packumentCache full:https://registry.npmjs.org/send set size:undefined disposed:false
95 silly fetch manifest cookie@^0.7.1
96 silly packumentCache full:https://registry.npmjs.org/cookie cache-miss
97 http fetch GET 200 https://registry.npmjs.org/debug 78ms (cache miss)
98 silly packumentCache full:https://registry.npmjs.org/debug set size:undefined disposed:false
99 silly fetch manifest router@^2.2.0
100 silly packumentCache full:https://registry.npmjs.org/router cache-miss
101 http fetch GET 200 https://registry.npmjs.org/fresh 90ms (cache miss)
102 silly packumentCache full:https://registry.npmjs.org/fresh set size:undefined disposed:false
103 silly fetch manifest accepts@^2.0.0
104 silly packumentCache full:https://registry.npmjs.org/accepts cache-miss
105 http fetch GET 200 https://registry.npmjs.org/cookie 83ms (cache miss)
106 silly packumentCache full:https://registry.npmjs.org/cookie set size:undefined disposed:false
107 silly fetch manifest type-is@^2.0.1
108 silly packumentCache full:https://registry.npmjs.org/type-is cache-miss
109 http fetch GET 200 https://registry.npmjs.org/router 82ms (cache miss)
110 silly packumentCache full:https://registry.npmjs.org/router set size:undefined disposed:false
111 silly fetch manifest parseurl@^1.3.3
112 silly packumentCache full:https://registry.npmjs.org/parseurl cache-miss
113 http fetch GET 200 https://registry.npmjs.org/type-is 96ms (cache miss)
114 silly packumentCache full:https://registry.npmjs.org/type-is set size:undefined disposed:false
115 silly fetch manifest statuses@^2.0.1
116 silly packumentCache full:https://registry.npmjs.org/statuses cache-miss
117 http fetch GET 200 https://registry.npmjs.org/accepts 118ms (cache miss)
118 silly packumentCache full:https://registry.npmjs.org/accepts set size:undefined disposed:false
119 silly fetch manifest encodeurl@^2.0.0
120 silly packumentCache full:https://registry.npmjs.org/encodeurl cache-miss
121 http fetch GET 200 https://registry.npmjs.org/parseurl 71ms (cache miss)
122 silly packumentCache full:https://registry.npmjs.org/parseurl set size:undefined disposed:false
123 silly fetch manifest mime-types@^3.0.0
124 silly packumentCache full:https://registry.npmjs.org/mime-types cache-miss
125 http fetch GET 200 https://registry.npmjs.org/statuses 75ms (cache miss)
126 silly packumentCache full:https://registry.npmjs.org/statuses set size:undefined disposed:false
127 silly fetch manifest proxy-addr@^2.0.7
128 silly packumentCache full:https://registry.npmjs.org/proxy-addr cache-miss
129 http fetch GET 200 https://registry.npmjs.org/encodeurl 83ms (cache miss)
130 silly packumentCache full:https://registry.npmjs.org/encodeurl set size:undefined disposed:false
131 silly fetch manifest body-parser@^2.2.1
132 silly packumentCache full:https://registry.npmjs.org/body-parser cache-miss
133 http fetch GET 200 https://registry.npmjs.org/mime-types 85ms (cache miss)
134 silly packumentCache full:https://registry.npmjs.org/mime-types set size:undefined disposed:false
135 silly fetch manifest escape-html@^1.0.3
136 silly packumentCache full:https://registry.npmjs.org/escape-html cache-miss
137 http fetch GET 200 https://registry.npmjs.org/proxy-addr 68ms (cache miss)
138 silly packumentCache full:https://registry.npmjs.org/proxy-addr set size:undefined disposed:false
139 silly fetch manifest http-errors@^2.0.0
140 silly packumentCache full:https://registry.npmjs.org/http-errors cache-miss
141 http fetch GET 200 https://registry.npmjs.org/escape-html 85ms (cache miss)
142 silly packumentCache full:https://registry.npmjs.org/escape-html set size:undefined disposed:false
143 silly fetch manifest on-finished@^2.4.1
144 silly packumentCache full:https://registry.npmjs.org/on-finished cache-miss
145 http fetch GET 200 https://registry.npmjs.org/body-parser 112ms (cache miss)
146 silly packumentCache full:https://registry.npmjs.org/body-parser set size:undefined disposed:false
147 silly fetch manifest content-type@^1.0.5
148 silly packumentCache full:https://registry.npmjs.org/content-type cache-miss
149 http fetch GET 200 https://registry.npmjs.org/http-errors 88ms (cache miss)
150 silly packumentCache full:https://registry.npmjs.org/http-errors set size:undefined disposed:false
151 silly fetch manifest finalhandler@^2.1.0
152 silly packumentCache full:https://registry.npmjs.org/finalhandler cache-miss
153 http fetch GET 200 https://registry.npmjs.org/on-finished 94ms (cache miss)
154 silly packumentCache full:https://registry.npmjs.org/on-finished set size:undefined disposed:false
155 silly fetch manifest range-parser@^1.2.1
156 silly packumentCache full:https://registry.npmjs.org/range-parser cache-miss
157 http fetch GET 200 https://registry.npmjs.org/content-type 88ms (cache miss)
158 silly packumentCache full:https://registry.npmjs.org/content-type set size:undefined disposed:false
159 silly fetch manifest serve-static@^2.2.0
160 silly packumentCache full:https://registry.npmjs.org/serve-static cache-miss
161 http fetch GET 200 https://registry.npmjs.org/finalhandler 90ms (cache miss)
162 silly packumentCache full:https://registry.npmjs.org/finalhandler set size:undefined disposed:false
163 silly fetch manifest cookie-signature@^1.2.1
164 silly packumentCache full:https://registry.npmjs.org/cookie-signature cache-miss
165 http fetch GET 200 https://registry.npmjs.org/range-parser 117ms (cache miss)
166 silly packumentCache full:https://registry.npmjs.org/range-parser set size:undefined disposed:false
167 silly fetch manifest merge-descriptors@^2.0.0
168 silly packumentCache full:https://registry.npmjs.org/merge-descriptors cache-miss
169 http fetch GET 200 https://registry.npmjs.org/serve-static 128ms (cache miss)
170 silly packumentCache full:https://registry.npmjs.org/serve-static set size:undefined disposed:false
171 silly fetch manifest content-disposition@^1.0.0
172 silly packumentCache full:https://registry.npmjs.org/content-disposition cache-miss
173 http fetch GET 200 https://registry.npmjs.org/cookie-signature 107ms (cache miss)
174 silly packumentCache full:https://registry.npmjs.org/cookie-signature set size:undefined disposed:false
175 silly fetch manifest debug@^4.4.3
176 silly packumentCache full:https://registry.npmjs.org/debug cache-miss
177 http cache https://registry.npmjs.org/debug 14ms (cache hit)
178 silly packumentCache full:https://registry.npmjs.org/debug set size:195840 disposed:false
179 silly fetch manifest ip-address@^10.2.0
180 silly packumentCache full:https://registry.npmjs.org/ip-address cache-miss
181 http fetch GET 200 https://registry.npmjs.org/content-disposition 79ms (cache miss)
182 silly packumentCache full:https://registry.npmjs.org/content-disposition set size:undefined disposed:false
183 silly fetch manifest ms@^2.1.1
184 silly packumentCache full:https://registry.npmjs.org/ms cache-miss
185 http fetch GET 200 https://registry.npmjs.org/merge-descriptors 104ms (cache miss)
186 silly packumentCache full:https://registry.npmjs.org/merge-descriptors set size:undefined disposed:false
187 silly fetch manifest jws@^4.0.1
188 silly packumentCache full:https://registry.npmjs.org/jws cache-miss
189 http fetch GET 200 https://registry.npmjs.org/ip-address 84ms (cache miss)
190 silly packumentCache full:https://registry.npmjs.org/ip-address set size:undefined disposed:false
191 silly fetch manifest semver@^7.5.4
192 silly packumentCache full:https://registry.npmjs.org/semver cache-miss
193 http fetch GET 200 https://registry.npmjs.org/jws 88ms (cache miss)
194 silly packumentCache full:https://registry.npmjs.org/jws set size:undefined disposed:false
195 silly fetch manifest lodash.once@^4.0.0
196 silly packumentCache full:https://registry.npmjs.org/lodash.once cache-miss
197 http fetch GET 200 https://registry.npmjs.org/semver 84ms (cache miss)
198 silly packumentCache full:https://registry.npmjs.org/semver set size:undefined disposed:false
199 silly fetch manifest lodash.includes@^4.3.0
200 silly packumentCache full:https://registry.npmjs.org/lodash.includes cache-miss
201 http fetch GET 200 https://registry.npmjs.org/ms 297ms (cache miss)
202 silly packumentCache full:https://registry.npmjs.org/ms set size:undefined disposed:false
203 silly fetch manifest lodash.isnumber@^3.0.3
204 silly packumentCache full:https://registry.npmjs.org/lodash.isnumber cache-miss
205 http fetch GET 200 https://registry.npmjs.org/lodash.once 426ms (cache miss)
206 silly packumentCache full:https://registry.npmjs.org/lodash.once set size:undefined disposed:false
207 silly fetch manifest lodash.isstring@^4.0.1
208 silly packumentCache full:https://registry.npmjs.org/lodash.isstring cache-miss
209 http fetch GET 200 https://registry.npmjs.org/lodash.isnumber 180ms (cache miss)
210 silly packumentCache full:https://registry.npmjs.org/lodash.isnumber set size:undefined disposed:false
211 silly fetch manifest lodash.isboolean@^3.0.3
212 silly packumentCache full:https://registry.npmjs.org/lodash.isboolean cache-miss
213 http fetch GET 200 https://registry.npmjs.org/lodash.includes 388ms (cache miss)
214 silly packumentCache full:https://registry.npmjs.org/lodash.includes set size:undefined disposed:false
215 silly fetch manifest lodash.isinteger@^4.0.4
216 silly packumentCache full:https://registry.npmjs.org/lodash.isinteger cache-miss
217 http fetch GET 200 https://registry.npmjs.org/lodash.isboolean 128ms (cache miss)
218 silly packumentCache full:https://registry.npmjs.org/lodash.isboolean set size:undefined disposed:false
219 silly fetch manifest lodash.isplainobject@^4.0.6
220 silly packumentCache full:https://registry.npmjs.org/lodash.isplainobject cache-miss
221 http fetch GET 200 https://registry.npmjs.org/lodash.isstring 150ms (cache miss)
222 silly packumentCache full:https://registry.npmjs.org/lodash.isstring set size:undefined disposed:false
223 silly fetch manifest long@^5.3.2
224 silly packumentCache full:https://registry.npmjs.org/long cache-miss
225 http fetch GET 200 https://registry.npmjs.org/lodash.isinteger 117ms (cache miss)
226 silly packumentCache full:https://registry.npmjs.org/lodash.isinteger set size:undefined disposed:false
227 silly fetch manifest lru.min@^1.1.4
228 silly packumentCache full:https://registry.npmjs.org/lru.min cache-miss
229 http fetch GET 200 https://registry.npmjs.org/lodash.isplainobject 111ms (cache miss)
230 silly packumentCache full:https://registry.npmjs.org/lodash.isplainobject set size:undefined disposed:false
231 silly fetch manifest iconv-lite@^0.7.3
232 silly packumentCache full:https://registry.npmjs.org/iconv-lite cache-miss
233 http fetch GET 200 https://registry.npmjs.org/lru.min 113ms (cache miss)
234 silly packumentCache full:https://registry.npmjs.org/lru.min set size:undefined disposed:false
235 silly fetch manifest sql-escaper@^1.5.1
236 silly packumentCache full:https://registry.npmjs.org/sql-escaper cache-miss
237 http fetch GET 200 https://registry.npmjs.org/long 129ms (cache miss)
238 silly packumentCache full:https://registry.npmjs.org/long set size:undefined disposed:false
239 silly fetch manifest aws-ssl-profiles@^1.1.2
240 silly packumentCache full:https://registry.npmjs.org/aws-ssl-profiles cache-miss
241 http fetch GET 200 https://registry.npmjs.org/aws-ssl-profiles 126ms (cache miss)
242 silly packumentCache full:https://registry.npmjs.org/aws-ssl-profiles set size:undefined disposed:false
243 silly fetch manifest generate-function@^2.3.1
244 silly packumentCache full:https://registry.npmjs.org/generate-function cache-miss
245 http fetch GET 200 https://registry.npmjs.org/sql-escaper 444ms (cache miss)
246 silly packumentCache full:https://registry.npmjs.org/sql-escaper set size:undefined disposed:false
247 silly fetch manifest named-placeholders@^1.1.6
248 silly packumentCache full:https://registry.npmjs.org/named-placeholders cache-miss
249 http fetch GET 200 https://registry.npmjs.org/iconv-lite 478ms (cache miss)
250 silly packumentCache full:https://registry.npmjs.org/iconv-lite set size:undefined disposed:false
251 silly fetch manifest undici-types@~8.3.0
252 silly packumentCache full:https://registry.npmjs.org/undici-types cache-miss
253 http fetch GET 200 https://registry.npmjs.org/generate-function 369ms (cache miss)
254 silly packumentCache full:https://registry.npmjs.org/generate-function set size:undefined disposed:false
255 http fetch GET 200 https://registry.npmjs.org/named-placeholders 103ms (cache miss)
256 silly packumentCache full:https://registry.npmjs.org/named-placeholders set size:undefined disposed:false
257 http fetch GET 200 https://registry.npmjs.org/undici-types 99ms (cache miss)
258 silly packumentCache full:https://registry.npmjs.org/undici-types set size:undefined disposed:false
259 silly placeDep ROOT undici-types@8.3.0 OK for: @types/node@26.2.0 want: ~8.3.0
260 silly placeDep ROOT object-assign@4.1.1 OK for: cors@2.8.6 want: ^4
261 silly placeDep ROOT vary@1.1.2 OK for: cors@2.8.6 want: ^1
262 silly placeDep ROOT accepts@2.0.0 OK for: express@5.2.1 want: ^2.0.0
263 silly placeDep ROOT body-parser@2.3.0 OK for: express@5.2.1 want: ^2.2.1
264 silly placeDep ROOT content-disposition@1.1.0 OK for: express@5.2.1 want: ^1.0.0
265 silly placeDep ROOT content-type@1.0.5 OK for: express@5.2.1 want: ^1.0.5
266 silly placeDep ROOT cookie@0.7.2 OK for: express@5.2.1 want: ^0.7.1
267 silly placeDep ROOT cookie-signature@1.2.2 OK for: express@5.2.1 want: ^1.2.1
268 silly placeDep ROOT debug@4.4.3 OK for: express@5.2.1 want: ^4.4.0
269 silly placeDep ROOT depd@2.0.0 OK for: express@5.2.1 want: ^2.0.0
270 silly placeDep ROOT encodeurl@2.0.0 OK for: express@5.2.1 want: ^2.0.0
271 silly placeDep ROOT escape-html@1.0.3 OK for: express@5.2.1 want: ^1.0.3
272 silly placeDep ROOT etag@1.8.1 OK for: express@5.2.1 want: ^1.8.1
273 silly placeDep ROOT finalhandler@2.1.1 OK for: express@5.2.1 want: ^2.1.0
274 silly placeDep ROOT fresh@2.0.0 OK for: express@5.2.1 want: ^2.0.0
275 silly placeDep ROOT http-errors@2.0.1 OK for: express@5.2.1 want: ^2.0.0
276 silly placeDep ROOT merge-descriptors@2.0.0 OK for: express@5.2.1 want: ^2.0.0
277 silly placeDep ROOT mime-types@3.0.2 OK for: express@5.2.1 want: ^3.0.0
278 silly placeDep ROOT on-finished@2.4.1 OK for: express@5.2.1 want: ^2.4.1
279 silly placeDep ROOT once@1.4.0 OK for: express@5.2.1 want: ^1.4.0
280 silly placeDep ROOT parseurl@1.3.3 OK for: express@5.2.1 want: ^1.3.3
281 silly placeDep ROOT proxy-addr@2.0.7 OK for: express@5.2.1 want: ^2.0.7
282 silly placeDep ROOT qs@6.15.3 OK for: express@5.2.1 want: ^6.14.0
283 silly placeDep ROOT range-parser@1.3.0 OK for: express@5.2.1 want: ^1.2.1
284 silly placeDep ROOT router@2.2.0 OK for: express@5.2.1 want: ^2.2.0
285 silly placeDep ROOT send@1.2.1 OK for: express@5.2.1 want: ^1.1.0
286 silly placeDep ROOT serve-static@2.2.1 OK for: express@5.2.1 want: ^2.2.0
287 silly placeDep ROOT statuses@2.0.2 OK for: express@5.2.1 want: ^2.0.1
288 silly placeDep ROOT type-is@2.1.0 OK for: express@5.2.1 want: ^2.0.1
289 silly fetch manifest negotiator@^1.0.0
290 silly packumentCache full:https://registry.npmjs.org/negotiator cache-miss
291 silly fetch manifest qs@^6.15.2
292 silly packumentCache full:https://registry.npmjs.org/qs cache-miss
293 silly fetch manifest bytes@^3.1.2
294 silly packumentCache full:https://registry.npmjs.org/bytes cache-miss
295 http cache https://registry.npmjs.org/qs 59ms (cache hit)
296 silly packumentCache full:https://registry.npmjs.org/qs set size:360318 disposed:false
297 silly fetch manifest type-is@^2.1.0
298 silly packumentCache full:https://registry.npmjs.org/type-is cache-miss
299 http cache https://registry.npmjs.org/type-is 30ms (cache hit)
300 silly packumentCache full:https://registry.npmjs.org/type-is set size:88614 disposed:false
301 silly fetch manifest raw-body@^3.0.2
302 silly packumentCache full:https://registry.npmjs.org/raw-body cache-miss
303 http fetch GET 200 https://registry.npmjs.org/negotiator 115ms (cache miss)
304 silly packumentCache full:https://registry.npmjs.org/negotiator set size:undefined disposed:false
305 silly fetch manifest iconv-lite@^0.7.2
306 silly packumentCache full:https://registry.npmjs.org/iconv-lite cache-miss
307 http fetch GET 200 https://registry.npmjs.org/bytes 119ms (cache miss)
308 silly packumentCache full:https://registry.npmjs.org/bytes set size:undefined disposed:false
309 silly fetch manifest http-errors@^2.0.1
310 silly packumentCache full:https://registry.npmjs.org/http-errors cache-miss
311 http cache https://registry.npmjs.org/iconv-lite 34ms (cache hit)
312 silly packumentCache full:https://registry.npmjs.org/iconv-lite set size:126462 disposed:false
313 silly fetch manifest content-type@^2.0.0
314 silly packumentCache full:https://registry.npmjs.org/content-type cache-miss
315 http cache https://registry.npmjs.org/http-errors 62ms (cache hit)
316 silly packumentCache full:https://registry.npmjs.org/http-errors set size:71987 disposed:false
317 silly fetch manifest ms@^2.1.3
318 silly packumentCache full:https://registry.npmjs.org/ms cache-miss
319 http cache https://registry.npmjs.org/content-type 34ms (cache hit)
320 silly packumentCache full:https://registry.npmjs.org/content-type set size:23936 disposed:false
321 silly fetch manifest inherits@~2.0.4
322 silly packumentCache full:https://registry.npmjs.org/inherits cache-miss
323 http cache https://registry.npmjs.org/ms 45ms (cache hit)
324 silly packumentCache full:https://registry.npmjs.org/ms set size:92208 disposed:false
325 silly fetch manifest setprototypeof@~1.2.0
326 silly packumentCache full:https://registry.npmjs.org/setprototypeof cache-miss
327 http fetch GET 200 https://registry.npmjs.org/raw-body 149ms (cache miss)
328 silly packumentCache full:https://registry.npmjs.org/raw-body set size:undefined disposed:false
329 silly fetch manifest statuses@~2.0.2
330 silly packumentCache full:https://registry.npmjs.org/statuses cache-miss
331 http cache https://registry.npmjs.org/statuses 27ms (cache hit)
332 silly packumentCache full:https://registry.npmjs.org/statuses set size:37117 disposed:false
333 silly fetch manifest toidentifier@~1.0.1
334 silly packumentCache full:https://registry.npmjs.org/toidentifier cache-miss
335 http fetch GET 200 https://registry.npmjs.org/inherits 82ms (cache miss)
336 silly packumentCache full:https://registry.npmjs.org/inherits set size:undefined disposed:false
337 silly fetch manifest mime-db@^1.54.0
338 silly packumentCache full:https://registry.npmjs.org/mime-db cache-miss
339 http fetch GET 200 https://registry.npmjs.org/setprototypeof 69ms (cache miss)
340 silly packumentCache full:https://registry.npmjs.org/setprototypeof set size:undefined disposed:false
341 silly fetch manifest ee-first@1.1.1
342 silly packumentCache full:https://registry.npmjs.org/ee-first cache-miss
343 http fetch GET 200 https://registry.npmjs.org/toidentifier 61ms (cache miss)
344 silly packumentCache full:https://registry.npmjs.org/toidentifier set size:undefined disposed:false
345 silly fetch manifest wrappy@1
346 silly packumentCache full:https://registry.npmjs.org/wrappy cache-miss
347 http fetch GET 200 https://registry.npmjs.org/wrappy 457ms (cache miss)
348 silly packumentCache full:https://registry.npmjs.org/wrappy set size:undefined disposed:false
349 silly fetch manifest forwarded@0.2.0
350 silly packumentCache full:https://registry.npmjs.org/forwarded cache-miss
351 http fetch GET 200 https://registry.npmjs.org/ee-first 499ms (cache miss)
352 silly packumentCache full:https://registry.npmjs.org/ee-first set size:undefined disposed:false
353 silly fetch manifest ipaddr.js@1.9.1
354 silly packumentCache full:https://registry.npmjs.org/ipaddr.js cache-miss
355 http fetch GET 200 https://registry.npmjs.org/mime-db 577ms (cache miss)
356 silly packumentCache full:https://registry.npmjs.org/mime-db set size:undefined disposed:false
357 silly fetch manifest side-channel@^1.1.1
358 silly packumentCache full:https://registry.npmjs.org/side-channel cache-miss
359 http fetch GET 200 https://registry.npmjs.org/forwarded 146ms (cache miss)
360 silly packumentCache full:https://registry.npmjs.org/forwarded set size:undefined disposed:false
361 silly fetch manifest es-define-property@^1.0.1
362 silly packumentCache full:https://registry.npmjs.org/es-define-property cache-miss
363 http fetch GET 200 https://registry.npmjs.org/ipaddr.js 154ms (cache miss)
364 silly packumentCache full:https://registry.npmjs.org/ipaddr.js set size:undefined disposed:false
365 silly fetch manifest is-promise@^4.0.0
366 silly packumentCache full:https://registry.npmjs.org/is-promise cache-miss
367 http fetch GET 200 https://registry.npmjs.org/side-channel 127ms (cache miss)
368 silly packumentCache full:https://registry.npmjs.org/side-channel set size:undefined disposed:false
369 silly fetch manifest path-to-regexp@^8.0.0
370 silly packumentCache full:https://registry.npmjs.org/path-to-regexp cache-miss
371 http fetch GET 200 https://registry.npmjs.org/es-define-property 78ms (cache miss)
372 silly packumentCache full:https://registry.npmjs.org/es-define-property set size:undefined disposed:false
373 silly fetch manifest statuses@^2.0.2
374 silly packumentCache full:https://registry.npmjs.org/statuses cache-hit
375 silly fetch manifest media-typer@^1.1.0
376 silly packumentCache full:https://registry.npmjs.org/media-typer cache-miss
377 http fetch GET 200 https://registry.npmjs.org/is-promise 81ms (cache miss)
378 silly packumentCache full:https://registry.npmjs.org/is-promise set size:undefined disposed:false
379 http fetch GET 200 https://registry.npmjs.org/path-to-regexp 92ms (cache miss)
380 silly packumentCache full:https://registry.npmjs.org/path-to-regexp set size:undefined disposed:false
381 http fetch GET 200 https://registry.npmjs.org/media-typer 72ms (cache miss)
382 silly packumentCache full:https://registry.npmjs.org/media-typer set size:undefined disposed:false
383 silly placeDep ROOT negotiator@1.1.0 OK for: accepts@2.0.0 want: ^1.0.0
384 silly fetch manifest content-type@^2.1.0
385 silly packumentCache full:https://registry.npmjs.org/content-type cache-hit
386 silly placeDep ROOT bytes@3.1.2 OK for: body-parser@2.3.0 want: ^3.1.2
387 silly placeDep node_modules/body-parser content-type@2.1.0 OK for: body-parser@2.3.0 want: ^2.0.0
388 silly placeDep ROOT iconv-lite@0.7.3 OK for: body-parser@2.3.0 want: ^0.7.2
389 silly placeDep ROOT raw-body@3.0.2 OK for: body-parser@2.3.0 want: ^3.0.2
390 silly fetch manifest safer-buffer@>= 2.1.2 < 3.0.0
391 silly packumentCache full:https://registry.npmjs.org/safer-buffer cache-miss
392 silly fetch manifest unpipe@~1.0.0
393 silly packumentCache full:https://registry.npmjs.org/unpipe cache-miss
394 http fetch GET 200 https://registry.npmjs.org/unpipe 70ms (cache miss)
395 silly packumentCache full:https://registry.npmjs.org/unpipe set size:undefined disposed:false
396 http fetch GET 200 https://registry.npmjs.org/safer-buffer 88ms (cache miss)
397 silly packumentCache full:https://registry.npmjs.org/safer-buffer set size:undefined disposed:false
398 silly placeDep ROOT ms@2.1.3 OK for: debug@4.4.3 want: ^2.1.3
399 silly placeDep ROOT ip-address@10.5.0 OK for: express-rate-limit@8.6.2 want: ^10.2.0
400 silly placeDep ROOT inherits@2.0.4 OK for: http-errors@2.0.1 want: ~2.0.4
401 silly placeDep ROOT setprototypeof@1.2.0 OK for: http-errors@2.0.1 want: ~1.2.0
402 silly placeDep ROOT toidentifier@1.0.1 OK for: http-errors@2.0.1 want: ~1.0.1
403 silly placeDep ROOT safer-buffer@2.1.2 OK for: iconv-lite@0.7.3 want: >= 2.1.2 < 3.0.0
404 silly placeDep ROOT jws@4.0.1 OK for: jsonwebtoken@9.0.3 want: ^4.0.1
405 silly placeDep ROOT lodash.includes@4.3.0 OK for: jsonwebtoken@9.0.3 want: ^4.3.0
406 silly placeDep ROOT lodash.isboolean@3.0.3 OK for: jsonwebtoken@9.0.3 want: ^3.0.3
407 silly placeDep ROOT lodash.isinteger@4.0.4 OK for: jsonwebtoken@9.0.3 want: ^4.0.4
408 silly placeDep ROOT lodash.isnumber@3.0.3 OK for: jsonwebtoken@9.0.3 want: ^3.0.3
409 silly placeDep ROOT lodash.isplainobject@4.0.6 OK for: jsonwebtoken@9.0.3 want: ^4.0.6
410 silly placeDep ROOT lodash.isstring@4.0.1 OK for: jsonwebtoken@9.0.3 want: ^4.0.1
411 silly placeDep ROOT lodash.once@4.1.1 OK for: jsonwebtoken@9.0.3 want: ^4.0.0
412 silly placeDep ROOT semver@7.8.5 OK for: jsonwebtoken@9.0.3 want: ^7.5.4
413 silly fetch manifest jwa@^2.0.1
414 silly packumentCache full:https://registry.npmjs.org/jwa cache-miss
415 silly fetch manifest safe-buffer@^5.0.1
416 silly packumentCache full:https://registry.npmjs.org/safe-buffer cache-miss
417 http fetch GET 200 https://registry.npmjs.org/safe-buffer 84ms (cache miss)
418 silly packumentCache full:https://registry.npmjs.org/safe-buffer set size:undefined disposed:false
419 http fetch GET 200 https://registry.npmjs.org/jwa 87ms (cache miss)
420 silly packumentCache full:https://registry.npmjs.org/jwa set size:undefined disposed:false
421 silly placeDep ROOT jwa@2.0.1 OK for: jws@4.0.1 want: ^2.0.1
422 silly placeDep ROOT safe-buffer@5.2.1 OK for: jws@4.0.1 want: ^5.0.1
423 silly fetch manifest ecdsa-sig-formatter@1.0.11
424 silly packumentCache full:https://registry.npmjs.org/ecdsa-sig-formatter cache-miss
425 silly fetch manifest buffer-equal-constant-time@^1.0.1
426 silly packumentCache full:https://registry.npmjs.org/buffer-equal-constant-time cache-miss
427 http fetch GET 200 https://registry.npmjs.org/buffer-equal-constant-time 68ms (cache miss)
428 silly packumentCache full:https://registry.npmjs.org/buffer-equal-constant-time set size:undefined disposed:false
429 http fetch GET 200 https://registry.npmjs.org/ecdsa-sig-formatter 71ms (cache miss)
430 silly packumentCache full:https://registry.npmjs.org/ecdsa-sig-formatter set size:undefined disposed:false
431 silly placeDep ROOT buffer-equal-constant-time@1.0.1 OK for: jwa@2.0.1 want: ^1.0.1
432 silly placeDep ROOT ecdsa-sig-formatter@1.0.11 OK for: jwa@2.0.1 want: 1.0.11
433 silly placeDep ROOT mime-db@1.54.0 OK for: mime-types@3.0.2 want: ^1.54.0
434 silly placeDep ROOT aws-ssl-profiles@1.1.2 OK for: mysql2@3.23.4 want: ^1.1.2
435 silly placeDep ROOT generate-function@2.3.1 OK for: mysql2@3.23.4 want: ^2.3.1
436 silly placeDep ROOT long@5.3.2 OK for: mysql2@3.23.4 want: ^5.3.2
437 silly placeDep ROOT lru.min@1.1.4 OK for: mysql2@3.23.4 want: ^1.1.4
438 silly placeDep ROOT named-placeholders@1.1.6 OK for: mysql2@3.23.4 want: ^1.1.6
439 silly placeDep ROOT sql-escaper@1.5.1 OK for: mysql2@3.23.4 want: ^1.5.1
440 silly fetch manifest is-property@^1.0.2
441 silly packumentCache full:https://registry.npmjs.org/is-property cache-miss
442 http fetch GET 200 https://registry.npmjs.org/is-property 85ms (cache miss)
443 silly packumentCache full:https://registry.npmjs.org/is-property set size:undefined disposed:false
444 silly placeDep ROOT is-property@1.0.2 OK for: generate-function@2.3.1 want: ^1.0.2
445 silly placeDep node_modules/negotiator content-type@2.1.0 OK for: negotiator@1.1.0 want: ^2.1.0
446 silly placeDep ROOT ee-first@1.1.1 OK for: on-finished@2.4.1 want: 1.1.1
447 silly placeDep ROOT wrappy@1.0.2 OK for: once@1.4.0 want: 1
448 silly placeDep ROOT forwarded@0.2.0 OK for: proxy-addr@2.0.7 want: 0.2.0
449 silly placeDep ROOT ipaddr.js@1.9.1 OK for: proxy-addr@2.0.7 want: 1.9.1
450 silly placeDep ROOT es-define-property@1.0.1 OK for: qs@6.15.3 want: ^1.0.1
451 silly placeDep ROOT side-channel@1.1.1 OK for: qs@6.15.3 want: ^1.1.1
452 silly fetch manifest es-errors@^1.3.0
453 silly packumentCache full:https://registry.npmjs.org/es-errors cache-miss
454 silly fetch manifest object-inspect@^1.13.4
455 silly packumentCache full:https://registry.npmjs.org/object-inspect cache-miss
456 silly fetch manifest side-channel-list@^1.0.1
457 silly packumentCache full:https://registry.npmjs.org/side-channel-list cache-miss
458 http fetch GET 200 https://registry.npmjs.org/es-errors 78ms (cache miss)
459 silly packumentCache full:https://registry.npmjs.org/es-errors set size:undefined disposed:false
460 silly fetch manifest side-channel-map@^1.0.1
461 silly packumentCache full:https://registry.npmjs.org/side-channel-map cache-miss
462 http fetch GET 200 https://registry.npmjs.org/object-inspect 90ms (cache miss)
463 silly packumentCache full:https://registry.npmjs.org/object-inspect set size:undefined disposed:false
464 silly fetch manifest side-channel-weakmap@^1.0.2
465 silly packumentCache full:https://registry.npmjs.org/side-channel-weakmap cache-miss
466 http fetch GET 200 https://registry.npmjs.org/side-channel-list 101ms (cache miss)
467 silly packumentCache full:https://registry.npmjs.org/side-channel-list set size:undefined disposed:false
468 http fetch GET 200 https://registry.npmjs.org/side-channel-map 91ms (cache miss)
469 silly packumentCache full:https://registry.npmjs.org/side-channel-map set size:undefined disposed:false
470 http fetch GET 200 https://registry.npmjs.org/side-channel-weakmap 83ms (cache miss)
471 silly packumentCache full:https://registry.npmjs.org/side-channel-weakmap set size:undefined disposed:false
472 silly placeDep ROOT unpipe@1.0.0 OK for: raw-body@3.0.2 want: ~1.0.0
473 silly placeDep ROOT is-promise@4.0.0 OK for: router@2.2.0 want: ^4.0.0
474 silly placeDep ROOT path-to-regexp@8.4.2 OK for: router@2.2.0 want: ^8.0.0
475 silly placeDep ROOT es-errors@1.3.0 OK for: side-channel@1.1.1 want: ^1.3.0
476 silly placeDep ROOT object-inspect@1.13.4 OK for: side-channel@1.1.1 want: ^1.13.4
477 silly placeDep ROOT side-channel-list@1.0.1 OK for: side-channel@1.1.1 want: ^1.0.1
478 silly placeDep ROOT side-channel-map@1.0.1 OK for: side-channel@1.1.1 want: ^1.0.1
479 silly placeDep ROOT side-channel-weakmap@1.0.2 OK for: side-channel@1.1.1 want: ^1.0.2
480 silly fetch manifest call-bound@^1.0.2
481 silly packumentCache full:https://registry.npmjs.org/call-bound cache-miss
482 silly fetch manifest get-intrinsic@^1.2.5
483 silly packumentCache full:https://registry.npmjs.org/get-intrinsic cache-miss
484 silly fetch manifest call-bound@^1.0.2
485 silly packumentCache full:https://registry.npmjs.org/call-bound cache-miss
486 http fetch GET 200 https://registry.npmjs.org/call-bound 93ms (cache miss)
487 silly packumentCache full:https://registry.npmjs.org/call-bound set size:undefined disposed:false
488 silly fetch manifest get-intrinsic@^1.2.5
489 silly packumentCache full:https://registry.npmjs.org/get-intrinsic cache-miss
490 http fetch GET 200 https://registry.npmjs.org/call-bound 95ms (cache miss)
491 silly packumentCache full:https://registry.npmjs.org/call-bound set size:undefined disposed:false
492 http fetch GET 200 https://registry.npmjs.org/get-intrinsic 100ms (cache miss)
493 silly packumentCache full:https://registry.npmjs.org/get-intrinsic set size:undefined disposed:false
494 http fetch GET 200 https://registry.npmjs.org/get-intrinsic 67ms (cache miss)
495 silly packumentCache full:https://registry.npmjs.org/get-intrinsic set size:undefined disposed:false
496 silly placeDep ROOT call-bound@1.0.4 OK for: side-channel-map@1.0.1 want: ^1.0.2
497 silly placeDep ROOT get-intrinsic@1.3.0 OK for: side-channel-map@1.0.1 want: ^1.2.5
498 silly fetch manifest call-bind-apply-helpers@^1.0.2
499 silly packumentCache full:https://registry.npmjs.org/call-bind-apply-helpers cache-miss
500 silly fetch manifest get-intrinsic@^1.3.0
501 silly packumentCache full:https://registry.npmjs.org/get-intrinsic cache-miss
502 silly fetch manifest gopd@^1.2.0
503 silly packumentCache full:https://registry.npmjs.org/gopd cache-miss
504 http cache https://registry.npmjs.org/get-intrinsic 17ms (cache hit)
505 silly packumentCache full:https://registry.npmjs.org/get-intrinsic set size:60985 disposed:false
506 silly fetch manifest hasown@^2.0.2
507 silly packumentCache full:https://registry.npmjs.org/hasown cache-miss
508 http fetch GET 200 https://registry.npmjs.org/call-bind-apply-helpers 74ms (cache miss)
509 silly packumentCache full:https://registry.npmjs.org/call-bind-apply-helpers set size:undefined disposed:false
510 silly fetch manifest get-proto@^1.0.1
511 silly packumentCache full:https://registry.npmjs.org/get-proto cache-miss
512 http fetch GET 200 https://registry.npmjs.org/gopd 92ms (cache miss)
513 silly packumentCache full:https://registry.npmjs.org/gopd set size:undefined disposed:false
514 silly fetch manifest has-symbols@^1.1.0
515 silly packumentCache full:https://registry.npmjs.org/has-symbols cache-miss
516 http fetch GET 200 https://registry.npmjs.org/hasown 83ms (cache miss)
517 silly packumentCache full:https://registry.npmjs.org/hasown set size:undefined disposed:false
518 silly fetch manifest function-bind@^1.1.2
519 silly packumentCache full:https://registry.npmjs.org/function-bind cache-miss
520 http fetch GET 200 https://registry.npmjs.org/get-proto 73ms (cache miss)
521 silly packumentCache full:https://registry.npmjs.org/get-proto set size:undefined disposed:false
522 silly fetch manifest es-object-atoms@^1.1.1
523 silly packumentCache full:https://registry.npmjs.org/es-object-atoms cache-miss
524 http fetch GET 200 https://registry.npmjs.org/has-symbols 91ms (cache miss)
525 silly packumentCache full:https://registry.npmjs.org/has-symbols set size:undefined disposed:false
526 silly fetch manifest math-intrinsics@^1.1.0
527 silly packumentCache full:https://registry.npmjs.org/math-intrinsics cache-miss
528 http fetch GET 200 https://registry.npmjs.org/function-bind 83ms (cache miss)
529 silly packumentCache full:https://registry.npmjs.org/function-bind set size:undefined disposed:false
530 http fetch GET 200 https://registry.npmjs.org/es-object-atoms 68ms (cache miss)
531 silly packumentCache full:https://registry.npmjs.org/es-object-atoms set size:undefined disposed:false
532 http fetch GET 200 https://registry.npmjs.org/math-intrinsics 68ms (cache miss)
533 silly packumentCache full:https://registry.npmjs.org/math-intrinsics set size:undefined disposed:false
534 silly placeDep ROOT call-bind-apply-helpers@1.0.2 OK for: call-bound@1.0.4 want: ^1.0.2
535 silly placeDep ROOT function-bind@1.1.2 OK for: call-bind-apply-helpers@1.0.2 want: ^1.1.2
536 silly placeDep ROOT es-object-atoms@1.1.2 OK for: get-intrinsic@1.3.0 want: ^1.1.1
537 silly placeDep ROOT get-proto@1.0.1 OK for: get-intrinsic@1.3.0 want: ^1.0.1
538 silly placeDep ROOT gopd@1.2.0 OK for: get-intrinsic@1.3.0 want: ^1.2.0
539 silly placeDep ROOT has-symbols@1.1.0 OK for: get-intrinsic@1.3.0 want: ^1.1.0
540 silly placeDep ROOT hasown@2.0.4 OK for: get-intrinsic@1.3.0 want: ^2.0.2
541 silly placeDep ROOT math-intrinsics@1.1.0 OK for: get-intrinsic@1.3.0 want: ^1.1.0
542 silly fetch manifest dunder-proto@^1.0.1
543 silly packumentCache full:https://registry.npmjs.org/dunder-proto cache-miss
544 http fetch GET 200 https://registry.npmjs.org/dunder-proto 448ms (cache miss)
545 silly packumentCache full:https://registry.npmjs.org/dunder-proto set size:undefined disposed:false
546 silly placeDep ROOT dunder-proto@1.0.1 OK for: get-proto@1.0.1 want: ^1.0.1
547 silly placeDep node_modules/type-is content-type@2.1.0 OK for: type-is@2.1.0 want: ^2.0.0
548 silly placeDep ROOT media-typer@1.1.1 OK for: type-is@2.1.0 want: ^1.1.0
549 silly reify moves {}
550 silly audit bulk request {
550 silly audit   bcryptjs: [ '3.0.3' ],
550 silly audit   cors: [ '2.8.6' ],
550 silly audit   dotenv: [ '17.4.2' ],
550 silly audit   express: [ '5.2.1' ],
550 silly audit   'express-rate-limit': [ '8.6.2' ],
550 silly audit   helmet: [ '8.3.0' ],
550 silly audit   jsonwebtoken: [ '9.0.3' ],
550 silly audit   mysql2: [ '3.23.4' ],
550 silly audit   '@types/node': [ '26.2.0' ],
550 silly audit   'undici-types': [ '8.3.0' ],
550 silly audit   'object-assign': [ '4.1.1' ],
550 silly audit   vary: [ '1.1.2' ],
550 silly audit   accepts: [ '2.0.0' ],
550 silly audit   'body-parser': [ '2.3.0' ],
550 silly audit   'content-disposition': [ '1.1.0' ],
550 silly audit   'content-type': [ '1.0.5', '2.1.0' ],
550 silly audit   cookie: [ '0.7.2' ],
550 silly audit   'cookie-signature': [ '1.2.2' ],
550 silly audit   debug: [ '4.4.3' ],
550 silly audit   depd: [ '2.0.0' ],
550 silly audit   encodeurl: [ '2.0.0' ],
550 silly audit   'escape-html': [ '1.0.3' ],
550 silly audit   etag: [ '1.8.1' ],
550 silly audit   finalhandler: [ '2.1.1' ],
550 silly audit   fresh: [ '2.0.0' ],
550 silly audit   'http-errors': [ '2.0.1' ],
550 silly audit   'merge-descriptors': [ '2.0.0' ],
550 silly audit   'mime-types': [ '3.0.2' ],
550 silly audit   'on-finished': [ '2.4.1' ],
550 silly audit   once: [ '1.4.0' ],
550 silly audit   parseurl: [ '1.3.3' ],
550 silly audit   'proxy-addr': [ '2.0.7' ],
550 silly audit   qs: [ '6.15.3' ],
550 silly audit   'range-parser': [ '1.3.0' ],
550 silly audit   router: [ '2.2.0' ],
550 silly audit   send: [ '1.2.1' ],
550 silly audit   'serve-static': [ '2.2.1' ],
550 silly audit   statuses: [ '2.0.2' ],
550 silly audit   'type-is': [ '2.1.0' ],
550 silly audit   negotiator: [ '1.1.0' ],
550 silly audit   bytes: [ '3.1.2' ],
550 silly audit   'iconv-lite': [ '0.7.3' ],
550 silly audit   'raw-body': [ '3.0.2' ],
550 silly audit   ms: [ '2.1.3' ],
550 silly audit   'ip-address': [ '10.5.0' ],
550 silly audit   inherits: [ '2.0.4' ],
550 silly audit   setprototypeof: [ '1.2.0' ],
550 silly audit   toidentifier: [ '1.0.1' ],
550 silly audit   'safer-buffer': [ '2.1.2' ],
550 silly audit   jws: [ '4.0.1' ],
550 silly audit   'lodash.includes': [ '4.3.0' ],
550 silly audit   'lodash.isboolean': [ '3.0.3' ],
550 silly audit   'lodash.isinteger': [ '4.0.4' ],
550 silly audit   'lodash.isnumber': [ '3.0.3' ],
550 silly audit   'lodash.isplainobject': [ '4.0.6' ],
550 silly audit   'lodash.isstring': [ '4.0.1' ],
550 silly audit   'lodash.once': [ '4.1.1' ],
550 silly audit   semver: [ '7.8.5' ],
550 silly audit   jwa: [ '2.0.1' ],
550 silly audit   'safe-buffer': [ '5.2.1' ],
550 silly audit   'buffer-equal-constant-time': [ '1.0.1' ],
550 silly audit   'ecdsa-sig-formatter': [ '1.0.11' ],
550 silly audit   'mime-db': [ '1.54.0' ],
550 silly audit   'aws-ssl-profiles': [ '1.1.2' ],
550 silly audit   'generate-function': [ '2.3.1' ],
550 silly audit   long: [ '5.3.2' ],
550 silly audit   'lru.min': [ '1.1.4' ],
550 silly audit   'named-placeholders': [ '1.1.6' ],
550 silly audit   'sql-escaper': [ '1.5.1' ],
550 silly audit   'is-property': [ '1.0.2' ],
550 silly audit   'ee-first': [ '1.1.1' ],
550 silly audit   wrappy: [ '1.0.2' ],
550 silly audit   forwarded: [ '0.2.0' ],
550 silly audit   'ipaddr.js': [ '1.9.1' ],
550 silly audit   'es-define-property': [ '1.0.1' ],
550 silly audit   'side-channel': [ '1.1.1' ],
550 silly audit   unpipe: [ '1.0.0' ],
550 silly audit   'is-promise': [ '4.0.0' ],
550 silly audit   'path-to-regexp': [ '8.4.2' ],
550 silly audit   'es-errors': [ '1.3.0' ],
550 silly audit   'object-inspect': [ '1.13.4' ],
550 silly audit   'side-channel-list': [ '1.0.1' ],
550 silly audit   'side-channel-map': [ '1.0.1' ],
550 silly audit   'side-channel-weakmap': [ '1.0.2' ],
550 silly audit   'call-bound': [ '1.0.4' ],
550 silly audit   'get-intrinsic': [ '1.3.0' ],
550 silly audit   'call-bind-apply-helpers': [ '1.0.2' ],
550 silly audit   'function-bind': [ '1.1.2' ],
550 silly audit   'es-object-atoms': [ '1.1.2' ],
550 silly audit   'get-proto': [ '1.0.1' ],
550 silly audit   gopd: [ '1.2.0' ],
550 silly audit   'has-symbols': [ '1.1.0' ],
550 silly audit   hasown: [ '2.0.4' ],
550 silly audit   'math-intrinsics': [ '1.1.0' ],
550 silly audit   'dunder-proto': [ '1.0.1' ],
550 silly audit   'media-typer': [ '1.1.1' ]
550 silly audit }
551 http cache media-typer@https://registry.npmjs.org/media-typer/-/media-typer-1.1.1.tgz 0ms (cache hit)
552 http cache dunder-proto@https://registry.npmjs.org/dunder-proto/-/dunder-proto-1.0.1.tgz 0ms (cache hit)
553 http cache math-intrinsics@https://registry.npmjs.org/math-intrinsics/-/math-intrinsics-1.1.0.tgz 0ms (cache hit)
554 http cache hasown@https://registry.npmjs.org/hasown/-/hasown-2.0.4.tgz 0ms (cache hit)
555 http cache has-symbols@https://registry.npmjs.org/has-symbols/-/has-symbols-1.1.0.tgz 0ms (cache hit)
556 http cache gopd@https://registry.npmjs.org/gopd/-/gopd-1.2.0.tgz 0ms (cache hit)
557 http cache get-proto@https://registry.npmjs.org/get-proto/-/get-proto-1.0.1.tgz 0ms (cache hit)
558 http cache es-object-atoms@https://registry.npmjs.org/es-object-atoms/-/es-object-atoms-1.1.2.tgz 0ms (cache hit)
559 http cache function-bind@https://registry.npmjs.org/function-bind/-/function-bind-1.1.2.tgz 0ms (cache hit)
560 http cache call-bind-apply-helpers@https://registry.npmjs.org/call-bind-apply-helpers/-/call-bind-apply-helpers-1.0.2.tgz 0ms (cache hit)
561 http cache get-intrinsic@https://registry.npmjs.org/get-intrinsic/-/get-intrinsic-1.3.0.tgz 0ms (cache hit)
562 http cache call-bound@https://registry.npmjs.org/call-bound/-/call-bound-1.0.4.tgz 0ms (cache hit)
563 http cache side-channel-weakmap@https://registry.npmjs.org/side-channel-weakmap/-/side-channel-weakmap-1.0.2.tgz 1ms (cache hit)
564 http cache side-channel-map@https://registry.npmjs.org/side-channel-map/-/side-channel-map-1.0.1.tgz 0ms (cache hit)
565 http cache side-channel-list@https://registry.npmjs.org/side-channel-list/-/side-channel-list-1.0.1.tgz 0ms (cache hit)
566 http cache object-inspect@https://registry.npmjs.org/object-inspect/-/object-inspect-1.13.4.tgz 0ms (cache hit)
567 http cache es-errors@https://registry.npmjs.org/es-errors/-/es-errors-1.3.0.tgz 0ms (cache hit)
568 http cache path-to-regexp@https://registry.npmjs.org/path-to-regexp/-/path-to-regexp-8.4.2.tgz 0ms (cache hit)
569 http cache is-promise@https://registry.npmjs.org/is-promise/-/is-promise-4.0.0.tgz 0ms (cache hit)
570 http cache unpipe@https://registry.npmjs.org/unpipe/-/unpipe-1.0.0.tgz 0ms (cache hit)
571 http cache side-channel@https://registry.npmjs.org/side-channel/-/side-channel-1.1.1.tgz 1ms (cache hit)
572 http cache es-define-property@https://registry.npmjs.org/es-define-property/-/es-define-property-1.0.1.tgz 0ms (cache hit)
573 http cache ipaddr.js@https://registry.npmjs.org/ipaddr.js/-/ipaddr.js-1.9.1.tgz 0ms (cache hit)
574 http cache forwarded@https://registry.npmjs.org/forwarded/-/forwarded-0.2.0.tgz 0ms (cache hit)
575 http cache wrappy@https://registry.npmjs.org/wrappy/-/wrappy-1.0.2.tgz 0ms (cache hit)
576 http cache ee-first@https://registry.npmjs.org/ee-first/-/ee-first-1.1.1.tgz 0ms (cache hit)
577 http cache is-property@https://registry.npmjs.org/is-property/-/is-property-1.0.2.tgz 0ms (cache hit)
578 http cache sql-escaper@https://registry.npmjs.org/sql-escaper/-/sql-escaper-1.5.1.tgz 0ms (cache hit)
579 http cache named-placeholders@https://registry.npmjs.org/named-placeholders/-/named-placeholders-1.1.6.tgz 0ms (cache hit)
580 http cache lru.min@https://registry.npmjs.org/lru.min/-/lru.min-1.1.4.tgz 0ms (cache hit)
581 http cache long@https://registry.npmjs.org/long/-/long-5.3.2.tgz 0ms (cache hit)
582 http cache generate-function@https://registry.npmjs.org/generate-function/-/generate-function-2.3.1.tgz 0ms (cache hit)
583 http cache aws-ssl-profiles@https://registry.npmjs.org/aws-ssl-profiles/-/aws-ssl-profiles-1.1.2.tgz 0ms (cache hit)
584 http cache ecdsa-sig-formatter@https://registry.npmjs.org/ecdsa-sig-formatter/-/ecdsa-sig-formatter-1.0.11.tgz 0ms (cache hit)
585 http cache mime-db@https://registry.npmjs.org/mime-db/-/mime-db-1.54.0.tgz 0ms (cache hit)
586 http cache buffer-equal-constant-time@https://registry.npmjs.org/buffer-equal-constant-time/-/buffer-equal-constant-time-1.0.1.tgz 0ms (cache hit)
587 http cache safe-buffer@https://registry.npmjs.org/safe-buffer/-/safe-buffer-5.2.1.tgz 0ms (cache hit)
588 http cache jwa@https://registry.npmjs.org/jwa/-/jwa-2.0.1.tgz 0ms (cache hit)
589 http cache semver@https://registry.npmjs.org/semver/-/semver-7.8.5.tgz 0ms (cache hit)
590 http cache lodash.once@https://registry.npmjs.org/lodash.once/-/lodash.once-4.1.1.tgz 0ms (cache hit)
591 http cache lodash.isstring@https://registry.npmjs.org/lodash.isstring/-/lodash.isstring-4.0.1.tgz 0ms (cache hit)
592 http cache lodash.isplainobject@https://registry.npmjs.org/lodash.isplainobject/-/lodash.isplainobject-4.0.6.tgz 0ms (cache hit)
593 http cache lodash.isnumber@https://registry.npmjs.org/lodash.isnumber/-/lodash.isnumber-3.0.3.tgz 0ms (cache hit)
594 http cache lodash.isinteger@https://registry.npmjs.org/lodash.isinteger/-/lodash.isinteger-4.0.4.tgz 0ms (cache hit)
595 http cache lodash.isboolean@https://registry.npmjs.org/lodash.isboolean/-/lodash.isboolean-3.0.3.tgz 0ms (cache hit)
596 http cache lodash.includes@https://registry.npmjs.org/lodash.includes/-/lodash.includes-4.3.0.tgz 0ms (cache hit)
597 http cache jws@https://registry.npmjs.org/jws/-/jws-4.0.1.tgz 1ms (cache hit)
598 http cache safer-buffer@https://registry.npmjs.org/safer-buffer/-/safer-buffer-2.1.2.tgz 0ms (cache hit)
599 http cache toidentifier@https://registry.npmjs.org/toidentifier/-/toidentifier-1.0.1.tgz 1ms (cache hit)
600 http cache setprototypeof@https://registry.npmjs.org/setprototypeof/-/setprototypeof-1.2.0.tgz 0ms (cache hit)
601 http cache inherits@https://registry.npmjs.org/inherits/-/inherits-2.0.4.tgz 0ms (cache hit)
602 http cache ip-address@https://registry.npmjs.org/ip-address/-/ip-address-10.5.0.tgz 0ms (cache hit)
603 http cache ms@https://registry.npmjs.org/ms/-/ms-2.1.3.tgz 0ms (cache hit)
604 http cache raw-body@https://registry.npmjs.org/raw-body/-/raw-body-3.0.2.tgz 0ms (cache hit)
605 http cache iconv-lite@https://registry.npmjs.org/iconv-lite/-/iconv-lite-0.7.3.tgz 0ms (cache hit)
606 http cache bytes@https://registry.npmjs.org/bytes/-/bytes-3.1.2.tgz 0ms (cache hit)
607 http cache negotiator@https://registry.npmjs.org/negotiator/-/negotiator-1.1.0.tgz 0ms (cache hit)
608 http cache type-is@https://registry.npmjs.org/type-is/-/type-is-2.1.0.tgz 0ms (cache hit)
609 http cache statuses@https://registry.npmjs.org/statuses/-/statuses-2.0.2.tgz 0ms (cache hit)
610 http cache serve-static@https://registry.npmjs.org/serve-static/-/serve-static-2.2.1.tgz 0ms (cache hit)
611 http cache send@https://registry.npmjs.org/send/-/send-1.2.1.tgz 0ms (cache hit)
612 http cache router@https://registry.npmjs.org/router/-/router-2.2.0.tgz 0ms (cache hit)
613 http cache range-parser@https://registry.npmjs.org/range-parser/-/range-parser-1.3.0.tgz 1ms (cache hit)
614 http cache qs@https://registry.npmjs.org/qs/-/qs-6.15.3.tgz 0ms (cache hit)
615 http cache proxy-addr@https://registry.npmjs.org/proxy-addr/-/proxy-addr-2.0.7.tgz 0ms (cache hit)
616 http cache parseurl@https://registry.npmjs.org/parseurl/-/parseurl-1.3.3.tgz 0ms (cache hit)
617 http cache once@https://registry.npmjs.org/once/-/once-1.4.0.tgz 0ms (cache hit)
618 http cache on-finished@https://registry.npmjs.org/on-finished/-/on-finished-2.4.1.tgz 0ms (cache hit)
619 http cache mime-types@https://registry.npmjs.org/mime-types/-/mime-types-3.0.2.tgz 0ms (cache hit)
620 http cache merge-descriptors@https://registry.npmjs.org/merge-descriptors/-/merge-descriptors-2.0.0.tgz 0ms (cache hit)
621 http cache http-errors@https://registry.npmjs.org/http-errors/-/http-errors-2.0.1.tgz 0ms (cache hit)
622 http cache fresh@https://registry.npmjs.org/fresh/-/fresh-2.0.0.tgz 0ms (cache hit)
623 http cache finalhandler@https://registry.npmjs.org/finalhandler/-/finalhandler-2.1.1.tgz 0ms (cache hit)
624 http cache etag@https://registry.npmjs.org/etag/-/etag-1.8.1.tgz 0ms (cache hit)
625 http cache escape-html@https://registry.npmjs.org/escape-html/-/escape-html-1.0.3.tgz 1ms (cache hit)
626 http cache encodeurl@https://registry.npmjs.org/encodeurl/-/encodeurl-2.0.0.tgz 0ms (cache hit)
627 http cache depd@https://registry.npmjs.org/depd/-/depd-2.0.0.tgz 0ms (cache hit)
628 http cache debug@https://registry.npmjs.org/debug/-/debug-4.4.3.tgz 0ms (cache hit)
629 http cache cookie-signature@https://registry.npmjs.org/cookie-signature/-/cookie-signature-1.2.2.tgz 0ms (cache hit)
630 http cache cookie@https://registry.npmjs.org/cookie/-/cookie-0.7.2.tgz 0ms (cache hit)
631 http cache content-type@https://registry.npmjs.org/content-type/-/content-type-1.0.5.tgz 0ms (cache hit)
632 http cache content-disposition@https://registry.npmjs.org/content-disposition/-/content-disposition-1.1.0.tgz 0ms (cache hit)
633 http cache body-parser@https://registry.npmjs.org/body-parser/-/body-parser-2.3.0.tgz 0ms (cache hit)
634 http cache accepts@https://registry.npmjs.org/accepts/-/accepts-2.0.0.tgz 0ms (cache hit)
635 http cache vary@https://registry.npmjs.org/vary/-/vary-1.1.2.tgz 0ms (cache hit)
636 http cache object-assign@https://registry.npmjs.org/object-assign/-/object-assign-4.1.1.tgz 0ms (cache hit)
637 http cache undici-types@https://registry.npmjs.org/undici-types/-/undici-types-8.3.0.tgz 0ms (cache hit)
638 http cache @types/node@https://registry.npmjs.org/@types/node/-/node-26.2.0.tgz 1ms (cache hit)
639 http cache mysql2@https://registry.npmjs.org/mysql2/-/mysql2-3.23.4.tgz 0ms (cache hit)
640 http cache jsonwebtoken@https://registry.npmjs.org/jsonwebtoken/-/jsonwebtoken-9.0.3.tgz 0ms (cache hit)
641 http cache helmet@https://registry.npmjs.org/helmet/-/helmet-8.3.0.tgz 0ms (cache hit)
642 http cache express-rate-limit@https://registry.npmjs.org/express-rate-limit/-/express-rate-limit-8.6.2.tgz 0ms (cache hit)
643 http cache express@https://registry.npmjs.org/express/-/express-5.2.1.tgz 0ms (cache hit)
644 http cache dotenv@https://registry.npmjs.org/dotenv/-/dotenv-17.4.2.tgz 0ms (cache hit)
645 http cache cors@https://registry.npmjs.org/cors/-/cors-2.8.6.tgz 0ms (cache hit)
646 http cache bcryptjs@https://registry.npmjs.org/bcryptjs/-/bcryptjs-3.0.3.tgz 0ms (cache hit)
647 http cache content-type@https://registry.npmjs.org/content-type/-/content-type-2.1.0.tgz 0ms (cache hit)
648 http cache content-type@https://registry.npmjs.org/content-type/-/content-type-2.1.0.tgz 0ms (cache hit)
649 http cache content-type@https://registry.npmjs.org/content-type/-/content-type-2.1.0.tgz 0ms (cache hit)
650 silly tarball no local data for media-typer@https://registry.npmjs.org/media-typer/-/media-typer-1.1.1.tgz. Extracting by manifest.
651 silly tarball no local data for dunder-proto@https://registry.npmjs.org/dunder-proto/-/dunder-proto-1.0.1.tgz. Extracting by manifest.
652 silly tarball no local data for math-intrinsics@https://registry.npmjs.org/math-intrinsics/-/math-intrinsics-1.1.0.tgz. Extracting by manifest.
653 silly tarball no local data for hasown@https://registry.npmjs.org/hasown/-/hasown-2.0.4.tgz. Extracting by manifest.
654 silly tarball no local data for has-symbols@https://registry.npmjs.org/has-symbols/-/has-symbols-1.1.0.tgz. Extracting by manifest.
655 silly tarball no local data for gopd@https://registry.npmjs.org/gopd/-/gopd-1.2.0.tgz. Extracting by manifest.
656 silly tarball no local data for get-proto@https://registry.npmjs.org/get-proto/-/get-proto-1.0.1.tgz. Extracting by manifest.
657 silly tarball no local data for es-object-atoms@https://registry.npmjs.org/es-object-atoms/-/es-object-atoms-1.1.2.tgz. Extracting by manifest.
658 silly tarball no local data for function-bind@https://registry.npmjs.org/function-bind/-/function-bind-1.1.2.tgz. Extracting by manifest.
659 silly tarball no local data for call-bind-apply-helpers@https://registry.npmjs.org/call-bind-apply-helpers/-/call-bind-apply-helpers-1.0.2.tgz. Extracting by manifest.
660 silly tarball no local data for get-intrinsic@https://registry.npmjs.org/get-intrinsic/-/get-intrinsic-1.3.0.tgz. Extracting by manifest.
661 silly tarball no local data for call-bound@https://registry.npmjs.org/call-bound/-/call-bound-1.0.4.tgz. Extracting by manifest.
662 silly tarball no local data for side-channel-weakmap@https://registry.npmjs.org/side-channel-weakmap/-/side-channel-weakmap-1.0.2.tgz. Extracting by manifest.
663 silly tarball no local data for side-channel-map@https://registry.npmjs.org/side-channel-map/-/side-channel-map-1.0.1.tgz. Extracting by manifest.
664 silly tarball no local data for side-channel-list@https://registry.npmjs.org/side-channel-list/-/side-channel-list-1.0.1.tgz. Extracting by manifest.
665 silly tarball no local data for object-inspect@https://registry.npmjs.org/object-inspect/-/object-inspect-1.13.4.tgz. Extracting by manifest.
666 silly tarball no local data for es-errors@https://registry.npmjs.org/es-errors/-/es-errors-1.3.0.tgz. Extracting by manifest.
667 silly tarball no local data for path-to-regexp@https://registry.npmjs.org/path-to-regexp/-/path-to-regexp-8.4.2.tgz. Extracting by manifest.
668 silly tarball no local data for is-promise@https://registry.npmjs.org/is-promise/-/is-promise-4.0.0.tgz. Extracting by manifest.
669 silly tarball no local data for unpipe@https://registry.npmjs.org/unpipe/-/unpipe-1.0.0.tgz. Extracting by manifest.
670 silly tarball no local data for side-channel@https://registry.npmjs.org/side-channel/-/side-channel-1.1.1.tgz. Extracting by manifest.
671 silly tarball no local data for es-define-property@https://registry.npmjs.org/es-define-property/-/es-define-property-1.0.1.tgz. Extracting by manifest.
672 silly tarball no local data for ipaddr.js@https://registry.npmjs.org/ipaddr.js/-/ipaddr.js-1.9.1.tgz. Extracting by manifest.
673 silly tarball no local data for forwarded@https://registry.npmjs.org/forwarded/-/forwarded-0.2.0.tgz. Extracting by manifest.
674 silly tarball no local data for wrappy@https://registry.npmjs.org/wrappy/-/wrappy-1.0.2.tgz. Extracting by manifest.
675 silly tarball no local data for ee-first@https://registry.npmjs.org/ee-first/-/ee-first-1.1.1.tgz. Extracting by manifest.
676 silly tarball no local data for is-property@https://registry.npmjs.org/is-property/-/is-property-1.0.2.tgz. Extracting by manifest.
677 silly tarball no local data for sql-escaper@https://registry.npmjs.org/sql-escaper/-/sql-escaper-1.5.1.tgz. Extracting by manifest.
678 silly tarball no local data for named-placeholders@https://registry.npmjs.org/named-placeholders/-/named-placeholders-1.1.6.tgz. Extracting by manifest.
679 silly tarball no local data for lru.min@https://registry.npmjs.org/lru.min/-/lru.min-1.1.4.tgz. Extracting by manifest.
680 silly tarball no local data for long@https://registry.npmjs.org/long/-/long-5.3.2.tgz. Extracting by manifest.
681 silly tarball no local data for generate-function@https://registry.npmjs.org/generate-function/-/generate-function-2.3.1.tgz. Extracting by manifest.
682 silly tarball no local data for aws-ssl-profiles@https://registry.npmjs.org/aws-ssl-profiles/-/aws-ssl-profiles-1.1.2.tgz. Extracting by manifest.
683 silly tarball no local data for ecdsa-sig-formatter@https://registry.npmjs.org/ecdsa-sig-formatter/-/ecdsa-sig-formatter-1.0.11.tgz. Extracting by manifest.
684 silly tarball no local data for mime-db@https://registry.npmjs.org/mime-db/-/mime-db-1.54.0.tgz. Extracting by manifest.
685 silly tarball no local data for buffer-equal-constant-time@https://registry.npmjs.org/buffer-equal-constant-time/-/buffer-equal-constant-time-1.0.1.tgz. Extracting by manifest.
686 silly tarball no local data for safe-buffer@https://registry.npmjs.org/safe-buffer/-/safe-buffer-5.2.1.tgz. Extracting by manifest.
687 silly tarball no local data for jwa@https://registry.npmjs.org/jwa/-/jwa-2.0.1.tgz. Extracting by manifest.
688 silly tarball no local data for semver@https://registry.npmjs.org/semver/-/semver-7.8.5.tgz. Extracting by manifest.
689 silly tarball no local data for lodash.once@https://registry.npmjs.org/lodash.once/-/lodash.once-4.1.1.tgz. Extracting by manifest.
690 silly tarball no local data for lodash.isstring@https://registry.npmjs.org/lodash.isstring/-/lodash.isstring-4.0.1.tgz. Extracting by manifest.
691 silly tarball no local data for lodash.isplainobject@https://registry.npmjs.org/lodash.isplainobject/-/lodash.isplainobject-4.0.6.tgz. Extracting by manifest.
692 silly tarball no local data for lodash.isnumber@https://registry.npmjs.org/lodash.isnumber/-/lodash.isnumber-3.0.3.tgz. Extracting by manifest.
693 silly tarball no local data for lodash.isinteger@https://registry.npmjs.org/lodash.isinteger/-/lodash.isinteger-4.0.4.tgz. Extracting by manifest.
694 silly tarball no local data for lodash.isboolean@https://registry.npmjs.org/lodash.isboolean/-/lodash.isboolean-3.0.3.tgz. Extracting by manifest.
695 silly tarball no local data for lodash.includes@https://registry.npmjs.org/lodash.includes/-/lodash.includes-4.3.0.tgz. Extracting by manifest.
696 silly tarball no local data for jws@https://registry.npmjs.org/jws/-/jws-4.0.1.tgz. Extracting by manifest.
697 silly tarball no local data for safer-buffer@https://registry.npmjs.org/safer-buffer/-/safer-buffer-2.1.2.tgz. Extracting by manifest.
698 silly tarball no local data for toidentifier@https://registry.npmjs.org/toidentifier/-/toidentifier-1.0.1.tgz. Extracting by manifest.
699 silly tarball no local data for setprototypeof@https://registry.npmjs.org/setprototypeof/-/setprototypeof-1.2.0.tgz. Extracting by manifest.
700 silly tarball no local data for inherits@https://registry.npmjs.org/inherits/-/inherits-2.0.4.tgz. Extracting by manifest.
701 silly tarball no local data for ip-address@https://registry.npmjs.org/ip-address/-/ip-address-10.5.0.tgz. Extracting by manifest.
702 silly tarball no local data for ms@https://registry.npmjs.org/ms/-/ms-2.1.3.tgz. Extracting by manifest.
703 silly tarball no local data for raw-body@https://registry.npmjs.org/raw-body/-/raw-body-3.0.2.tgz. Extracting by manifest.
704 silly tarball no local data for iconv-lite@https://registry.npmjs.org/iconv-lite/-/iconv-lite-0.7.3.tgz. Extracting by manifest.
705 silly tarball no local data for bytes@https://registry.npmjs.org/bytes/-/bytes-3.1.2.tgz. Extracting by manifest.
706 silly tarball no local data for negotiator@https://registry.npmjs.org/negotiator/-/negotiator-1.1.0.tgz. Extracting by manifest.
707 silly tarball no local data for type-is@https://registry.npmjs.org/type-is/-/type-is-2.1.0.tgz. Extracting by manifest.
708 silly tarball no local data for statuses@https://registry.npmjs.org/statuses/-/statuses-2.0.2.tgz. Extracting by manifest.
709 silly tarball no local data for serve-static@https://registry.npmjs.org/serve-static/-/serve-static-2.2.1.tgz. Extracting by manifest.
710 silly tarball no local data for send@https://registry.npmjs.org/send/-/send-1.2.1.tgz. Extracting by manifest.
711 silly tarball no local data for router@https://registry.npmjs.org/router/-/router-2.2.0.tgz. Extracting by manifest.
712 silly tarball no local data for range-parser@https://registry.npmjs.org/range-parser/-/range-parser-1.3.0.tgz. Extracting by manifest.
713 silly tarball no local data for qs@https://registry.npmjs.org/qs/-/qs-6.15.3.tgz. Extracting by manifest.
714 silly tarball no local data for proxy-addr@https://registry.npmjs.org/proxy-addr/-/proxy-addr-2.0.7.tgz. Extracting by manifest.
715 silly tarball no local data for parseurl@https://registry.npmjs.org/parseurl/-/parseurl-1.3.3.tgz. Extracting by manifest.
716 silly tarball no local data for once@https://registry.npmjs.org/once/-/once-1.4.0.tgz. Extracting by manifest.
717 silly tarball no local data for on-finished@https://registry.npmjs.org/on-finished/-/on-finished-2.4.1.tgz. Extracting by manifest.
718 silly tarball no local data for mime-types@https://registry.npmjs.org/mime-types/-/mime-types-3.0.2.tgz. Extracting by manifest.
719 silly tarball no local data for merge-descriptors@https://registry.npmjs.org/merge-descriptors/-/merge-descriptors-2.0.0.tgz. Extracting by manifest.
720 silly tarball no local data for http-errors@https://registry.npmjs.org/http-errors/-/http-errors-2.0.1.tgz. Extracting by manifest.
721 silly tarball no local data for fresh@https://registry.npmjs.org/fresh/-/fresh-2.0.0.tgz. Extracting by manifest.
722 silly tarball no local data for finalhandler@https://registry.npmjs.org/finalhandler/-/finalhandler-2.1.1.tgz. Extracting by manifest.
723 silly tarball no local data for etag@https://registry.npmjs.org/etag/-/etag-1.8.1.tgz. Extracting by manifest.
724 silly tarball no local data for escape-html@https://registry.npmjs.org/escape-html/-/escape-html-1.0.3.tgz. Extracting by manifest.
725 silly tarball no local data for encodeurl@https://registry.npmjs.org/encodeurl/-/encodeurl-2.0.0.tgz. Extracting by manifest.
726 silly tarball no local data for depd@https://registry.npmjs.org/depd/-/depd-2.0.0.tgz. Extracting by manifest.
727 silly tarball no local data for debug@https://registry.npmjs.org/debug/-/debug-4.4.3.tgz. Extracting by manifest.
728 silly tarball no local data for cookie-signature@https://registry.npmjs.org/cookie-signature/-/cookie-signature-1.2.2.tgz. Extracting by manifest.
729 silly tarball no local data for cookie@https://registry.npmjs.org/cookie/-/cookie-0.7.2.tgz. Extracting by manifest.
730 silly tarball no local data for content-type@https://registry.npmjs.org/content-type/-/content-type-1.0.5.tgz. Extracting by manifest.
731 silly tarball no local data for content-disposition@https://registry.npmjs.org/content-disposition/-/content-disposition-1.1.0.tgz. Extracting by manifest.
732 silly tarball no local data for body-parser@https://registry.npmjs.org/body-parser/-/body-parser-2.3.0.tgz. Extracting by manifest.
733 silly tarball no local data for accepts@https://registry.npmjs.org/accepts/-/accepts-2.0.0.tgz. Extracting by manifest.
734 silly tarball no local data for vary@https://registry.npmjs.org/vary/-/vary-1.1.2.tgz. Extracting by manifest.
735 silly tarball no local data for object-assign@https://registry.npmjs.org/object-assign/-/object-assign-4.1.1.tgz. Extracting by manifest.
736 silly tarball no local data for undici-types@https://registry.npmjs.org/undici-types/-/undici-types-8.3.0.tgz. Extracting by manifest.
737 silly tarball no local data for @types/node@https://registry.npmjs.org/@types/node/-/node-26.2.0.tgz. Extracting by manifest.
738 silly tarball no local data for mysql2@https://registry.npmjs.org/mysql2/-/mysql2-3.23.4.tgz. Extracting by manifest.
739 silly tarball no local data for jsonwebtoken@https://registry.npmjs.org/jsonwebtoken/-/jsonwebtoken-9.0.3.tgz. Extracting by manifest.
740 silly tarball no local data for helmet@https://registry.npmjs.org/helmet/-/helmet-8.3.0.tgz. Extracting by manifest.
741 silly tarball no local data for express-rate-limit@https://registry.npmjs.org/express-rate-limit/-/express-rate-limit-8.6.2.tgz. Extracting by manifest.
742 silly tarball no local data for express@https://registry.npmjs.org/express/-/express-5.2.1.tgz. Extracting by manifest.
743 silly tarball no local data for dotenv@https://registry.npmjs.org/dotenv/-/dotenv-17.4.2.tgz. Extracting by manifest.
744 silly tarball no local data for cors@https://registry.npmjs.org/cors/-/cors-2.8.6.tgz. Extracting by manifest.
745 silly tarball no local data for bcryptjs@https://registry.npmjs.org/bcryptjs/-/bcryptjs-3.0.3.tgz. Extracting by manifest.
746 silly tarball no local data for content-type@https://registry.npmjs.org/content-type/-/content-type-2.1.0.tgz. Extracting by manifest.
747 silly tarball no local data for content-type@https://registry.npmjs.org/content-type/-/content-type-2.1.0.tgz. Extracting by manifest.
748 silly tarball no local data for content-type@https://registry.npmjs.org/content-type/-/content-type-2.1.0.tgz. Extracting by manifest.
749 http fetch POST 200 https://registry.npmjs.org/-/npm/v1/security/advisories/bulk 1239ms
750 silly audit report {}
751 http fetch GET 200 https://registry.npmjs.org/dunder-proto/-/dunder-proto-1.0.1.tgz 4267ms (cache miss)
752 http fetch GET 200 https://registry.npmjs.org/media-typer/-/media-typer-1.1.1.tgz 4274ms (cache miss)
753 http fetch GET 200 https://registry.npmjs.org/side-channel-list/-/side-channel-list-1.0.1.tgz 4229ms (cache miss)
754 http fetch GET 200 https://registry.npmjs.org/is-promise/-/is-promise-4.0.0.tgz 4398ms (cache miss)
755 http fetch GET 200 https://registry.npmjs.org/side-channel/-/side-channel-1.1.1.tgz 4397ms (cache miss)
756 http fetch GET 200 https://registry.npmjs.org/es-errors/-/es-errors-1.3.0.tgz 4486ms (cache miss)
757 http fetch GET 200 https://registry.npmjs.org/lodash.isinteger/-/lodash.isinteger-4.0.4.tgz 4440ms (cache miss)
758 http fetch GET 200 https://registry.npmjs.org/forwarded/-/forwarded-0.2.0.tgz 4549ms (cache miss)
759 http fetch GET 200 https://registry.npmjs.org/unpipe/-/unpipe-1.0.0.tgz 4573ms (cache miss)
760 http fetch GET 200 https://registry.npmjs.org/is-property/-/is-property-1.0.2.tgz 4565ms (cache miss)
761 http fetch GET 200 https://registry.npmjs.org/once/-/once-1.4.0.tgz 4492ms (cache miss)
762 http fetch GET 200 https://registry.npmjs.org/es-define-property/-/es-define-property-1.0.1.tgz 4664ms (cache miss)
763 http fetch GET 200 https://registry.npmjs.org/lodash.isplainobject/-/lodash.isplainobject-4.0.6.tgz 4621ms (cache miss)
764 http fetch GET 200 https://registry.npmjs.org/setprototypeof/-/setprototypeof-1.2.0.tgz 4605ms (cache miss)
765 http fetch GET 200 https://registry.npmjs.org/lodash.isboolean/-/lodash.isboolean-3.0.3.tgz 4619ms (cache miss)
766 http fetch GET 200 https://registry.npmjs.org/named-placeholders/-/named-placeholders-1.1.6.tgz 4742ms (cache miss)
767 http fetch GET 200 https://registry.npmjs.org/ee-first/-/ee-first-1.1.1.tgz 4760ms (cache miss)
768 http fetch GET 200 https://registry.npmjs.org/wrappy/-/wrappy-1.0.2.tgz 4830ms (cache miss)
769 http fetch GET 200 https://registry.npmjs.org/toidentifier/-/toidentifier-1.0.1.tgz 4772ms (cache miss)
770 http fetch GET 200 https://registry.npmjs.org/ms/-/ms-2.1.3.tgz 4760ms (cache miss)
771 http fetch GET 200 https://registry.npmjs.org/merge-descriptors/-/merge-descriptors-2.0.0.tgz 4711ms (cache miss)
772 http fetch GET 200 https://registry.npmjs.org/fresh/-/fresh-2.0.0.tgz 4710ms (cache miss)
773 http fetch GET 200 https://registry.npmjs.org/encodeurl/-/encodeurl-2.0.0.tgz 4706ms (cache miss)
774 http fetch GET 200 https://registry.npmjs.org/cookie-signature/-/cookie-signature-1.2.2.tgz 4702ms (cache miss)
775 http fetch GET 200 https://registry.npmjs.org/lodash.once/-/lodash.once-4.1.1.tgz 4943ms (cache miss)
776 http fetch GET 200 https://registry.npmjs.org/inherits/-/inherits-2.0.4.tgz 4924ms (cache miss)
777 http fetch GET 200 https://registry.npmjs.org/bytes/-/bytes-3.1.2.tgz 4898ms (cache miss)
778 http fetch GET 200 https://registry.npmjs.org/serve-static/-/serve-static-2.2.1.tgz 4886ms (cache miss)
779 http fetch GET 200 https://registry.npmjs.org/mime-types/-/mime-types-3.0.2.tgz 4872ms (cache miss)
780 http fetch GET 200 https://registry.npmjs.org/content-disposition/-/content-disposition-1.1.0.tgz 4850ms (cache miss)
781 http fetch GET 200 https://registry.npmjs.org/accepts/-/accepts-2.0.0.tgz 4908ms (cache miss)
782 http fetch GET 200 https://registry.npmjs.org/lodash.isnumber/-/lodash.isnumber-3.0.3.tgz 5048ms (cache miss)
783 http fetch GET 200 https://registry.npmjs.org/range-parser/-/range-parser-1.3.0.tgz 4981ms (cache miss)
784 http fetch GET 200 https://registry.npmjs.org/proxy-addr/-/proxy-addr-2.0.7.tgz 4984ms (cache miss)
785 http fetch GET 200 https://registry.npmjs.org/object-assign/-/object-assign-4.1.1.tgz 4936ms (cache miss)
786 http fetch GET 200 https://registry.npmjs.org/lodash.isstring/-/lodash.isstring-4.0.1.tgz 5081ms (cache miss)
787 http fetch GET 200 https://registry.npmjs.org/body-parser/-/body-parser-2.3.0.tgz 4966ms (cache miss)
788 http fetch GET 200 https://registry.npmjs.org/content-type/-/content-type-1.0.5.tgz 5005ms (cache miss)
789 http fetch GET 200 https://registry.npmjs.org/parseurl/-/parseurl-1.3.3.tgz 5302ms (cache miss)
790 http fetch GET 200 https://registry.npmjs.org/escape-html/-/escape-html-1.0.3.tgz 5283ms (cache miss)
791 http fetch GET 200 https://registry.npmjs.org/content-type/-/content-type-2.1.0.tgz 5229ms (cache miss)
792 http fetch GET 200 https://registry.npmjs.org/vary/-/vary-1.1.2.tgz 5430ms (cache miss)
793 http fetch GET 200 https://registry.npmjs.org/etag/-/etag-1.8.1.tgz 5478ms (cache miss)
794 http fetch GET 200 https://registry.npmjs.org/ipaddr.js/-/ipaddr.js-1.9.1.tgz 5698ms (cache miss)
795 http fetch GET 200 https://registry.npmjs.org/statuses/-/statuses-2.0.2.tgz 5593ms (cache miss)
796 http fetch GET 200 https://registry.npmjs.org/finalhandler/-/finalhandler-2.1.1.tgz 5590ms (cache miss)
797 http fetch GET 200 https://registry.npmjs.org/content-type/-/content-type-2.1.0.tgz 5728ms (cache miss)
798 http fetch GET 200 https://registry.npmjs.org/path-to-regexp/-/path-to-regexp-8.4.2.tgz 6061ms (cache miss)
799 http fetch GET 200 https://registry.npmjs.org/buffer-equal-constant-time/-/buffer-equal-constant-time-1.0.1.tgz 6037ms (cache miss)
800 http fetch GET 200 https://registry.npmjs.org/jwa/-/jwa-2.0.1.tgz 6040ms (cache miss)
801 http fetch GET 200 https://registry.npmjs.org/on-finished/-/on-finished-2.4.1.tgz 5948ms (cache miss)
802 http fetch GET 200 https://registry.npmjs.org/cors/-/cors-2.8.6.tgz 5881ms (cache miss)
803 http fetch GET 200 https://registry.npmjs.org/depd/-/depd-2.0.0.tgz 5994ms (cache miss)
804 http fetch GET 200 https://registry.npmjs.org/lodash.includes/-/lodash.includes-4.3.0.tgz 6146ms (cache miss)
805 http fetch GET 200 https://registry.npmjs.org/http-errors/-/http-errors-2.0.1.tgz 6104ms (cache miss)
806 http fetch GET 200 https://registry.npmjs.org/raw-body/-/raw-body-3.0.2.tgz 6159ms (cache miss)
807 http fetch GET 200 https://registry.npmjs.org/type-is/-/type-is-2.1.0.tgz 6258ms (cache miss)
808 http fetch GET 200 https://registry.npmjs.org/cookie/-/cookie-0.7.2.tgz 6225ms (cache miss)
809 http fetch GET 200 https://registry.npmjs.org/ecdsa-sig-formatter/-/ecdsa-sig-formatter-1.0.11.tgz 6423ms (cache miss)
810 http fetch GET 200 https://registry.npmjs.org/lru.min/-/lru.min-1.1.4.tgz 6444ms (cache miss)
811 http fetch GET 200 https://registry.npmjs.org/send/-/send-1.2.1.tgz 6358ms (cache miss)
812 http fetch GET 200 https://registry.npmjs.org/content-type/-/content-type-2.1.0.tgz 6261ms (cache miss)
813 http fetch GET 200 https://registry.npmjs.org/safe-buffer/-/safe-buffer-5.2.1.tgz 6454ms (cache miss)
814 http fetch GET 200 https://registry.npmjs.org/generate-function/-/generate-function-2.3.1.tgz 6502ms (cache miss)
815 http fetch GET 200 https://registry.npmjs.org/hasown/-/hasown-2.0.4.tgz 6758ms (cache miss)
816 http fetch GET 200 https://registry.npmjs.org/debug/-/debug-4.4.3.tgz 6601ms (cache miss)
817 http fetch GET 200 https://registry.npmjs.org/safer-buffer/-/safer-buffer-2.1.2.tgz 6722ms (cache miss)
818 http fetch GET 200 https://registry.npmjs.org/sql-escaper/-/sql-escaper-1.5.1.tgz 6794ms (cache miss)
819 http fetch GET 200 https://registry.npmjs.org/negotiator/-/negotiator-1.1.0.tgz 6847ms (cache miss)
820 http fetch GET 200 https://registry.npmjs.org/helmet/-/helmet-8.3.0.tgz 7178ms (cache miss)
821 http fetch GET 200 https://registry.npmjs.org/call-bound/-/call-bound-1.0.4.tgz 7417ms (cache miss)
822 http fetch GET 200 https://registry.npmjs.org/side-channel-weakmap/-/side-channel-weakmap-1.0.2.tgz 7421ms (cache miss)
823 http fetch GET 200 https://registry.npmjs.org/mime-db/-/mime-db-1.54.0.tgz 7363ms (cache miss)
824 http fetch GET 200 https://registry.npmjs.org/side-channel-map/-/side-channel-map-1.0.1.tgz 7424ms (cache miss)
825 http fetch GET 200 https://registry.npmjs.org/gopd/-/gopd-1.2.0.tgz 7627ms (cache miss)
826 http fetch GET 200 https://registry.npmjs.org/router/-/router-2.2.0.tgz 7456ms (cache miss)
827 http fetch GET 200 https://registry.npmjs.org/get-intrinsic/-/get-intrinsic-1.3.0.tgz 7625ms (cache miss)
828 http fetch GET 200 https://registry.npmjs.org/function-bind/-/function-bind-1.1.2.tgz 7759ms (cache miss)
829 http fetch GET 200 https://registry.npmjs.org/jws/-/jws-4.0.1.tgz 7738ms (cache miss)
830 http fetch GET 200 https://registry.npmjs.org/get-proto/-/get-proto-1.0.1.tgz 7870ms (cache miss)
831 http fetch GET 200 https://registry.npmjs.org/express-rate-limit/-/express-rate-limit-8.6.2.tgz 7684ms (cache miss)
832 http fetch GET 200 https://registry.npmjs.org/es-object-atoms/-/es-object-atoms-1.1.2.tgz 7950ms (cache miss)
833 http fetch GET 200 https://registry.npmjs.org/express/-/express-5.2.1.tgz 7699ms (cache miss)
834 http fetch GET 200 https://registry.npmjs.org/long/-/long-5.3.2.tgz 7890ms (cache miss)
835 http fetch GET 200 https://registry.npmjs.org/has-symbols/-/has-symbols-1.1.0.tgz 8043ms (cache miss)
836 http fetch GET 200 https://registry.npmjs.org/bcryptjs/-/bcryptjs-3.0.3.tgz 7771ms (cache miss)
837 http fetch GET 200 https://registry.npmjs.org/call-bind-apply-helpers/-/call-bind-apply-helpers-1.0.2.tgz 8135ms (cache miss)
838 http fetch GET 200 https://registry.npmjs.org/jsonwebtoken/-/jsonwebtoken-9.0.3.tgz 8015ms (cache miss)
839 http fetch GET 200 https://registry.npmjs.org/dotenv/-/dotenv-17.4.2.tgz 8020ms (cache miss)
840 http fetch GET 200 https://registry.npmjs.org/aws-ssl-profiles/-/aws-ssl-profiles-1.1.2.tgz 8350ms (cache miss)
841 http fetch GET 200 https://registry.npmjs.org/qs/-/qs-6.15.3.tgz 8302ms (cache miss)
842 http fetch GET 200 https://registry.npmjs.org/math-intrinsics/-/math-intrinsics-1.1.0.tgz 8538ms (cache miss)
843 http fetch GET 200 https://registry.npmjs.org/object-inspect/-/object-inspect-1.13.4.tgz 8528ms (cache miss)
844 http fetch GET 200 https://registry.npmjs.org/undici-types/-/undici-types-8.3.0.tgz 8390ms (cache miss)
845 http fetch GET 200 https://registry.npmjs.org/ip-address/-/ip-address-10.5.0.tgz 8571ms (cache miss)
846 http fetch GET 200 https://registry.npmjs.org/iconv-lite/-/iconv-lite-0.7.3.tgz 8592ms (cache miss)
847 http fetch GET 200 https://registry.npmjs.org/semver/-/semver-7.8.5.tgz 8681ms (cache miss)
848 http fetch GET 200 https://registry.npmjs.org/@types/node/-/node-26.2.0.tgz 9921ms (cache miss)
849 http fetch GET 200 https://registry.npmjs.org/mysql2/-/mysql2-3.23.4.tgz 12066ms (cache miss)
850 silly ADD node_modules/media-typer
851 silly ADD node_modules/dunder-proto
852 silly ADD node_modules/math-intrinsics
853 silly ADD node_modules/hasown
854 silly ADD node_modules/has-symbols
855 silly ADD node_modules/gopd
856 silly ADD node_modules/get-proto
857 silly ADD node_modules/es-object-atoms
858 silly ADD node_modules/function-bind
859 silly ADD node_modules/call-bind-apply-helpers
860 silly ADD node_modules/get-intrinsic
861 silly ADD node_modules/call-bound
862 silly ADD node_modules/side-channel-weakmap
863 silly ADD node_modules/side-channel-map
864 silly ADD node_modules/side-channel-list
865 silly ADD node_modules/object-inspect
866 silly ADD node_modules/es-errors
867 silly ADD node_modules/path-to-regexp
868 silly ADD node_modules/is-promise
869 silly ADD node_modules/unpipe
870 silly ADD node_modules/side-channel
871 silly ADD node_modules/es-define-property
872 silly ADD node_modules/ipaddr.js
873 silly ADD node_modules/forwarded
874 silly ADD node_modules/wrappy
875 silly ADD node_modules/ee-first
876 silly ADD node_modules/is-property
877 silly ADD node_modules/sql-escaper
878 silly ADD node_modules/named-placeholders
879 silly ADD node_modules/lru.min
880 silly ADD node_modules/long
881 silly ADD node_modules/generate-function
882 silly ADD node_modules/aws-ssl-profiles
883 silly ADD node_modules/mime-db
884 silly ADD node_modules/ecdsa-sig-formatter
885 silly ADD node_modules/buffer-equal-constant-time
886 silly ADD node_modules/safe-buffer
887 silly ADD node_modules/jwa
888 silly ADD node_modules/semver
889 silly ADD node_modules/lodash.once
890 silly ADD node_modules/lodash.isstring
891 silly ADD node_modules/lodash.isplainobject
892 silly ADD node_modules/lodash.isnumber
893 silly ADD node_modules/lodash.isinteger
894 silly ADD node_modules/lodash.isboolean
895 silly ADD node_modules/lodash.includes
896 silly ADD node_modules/jws
897 silly ADD node_modules/safer-buffer
898 silly ADD node_modules/toidentifier
899 silly ADD node_modules/setprototypeof
900 silly ADD node_modules/inherits
901 silly ADD node_modules/ip-address
902 silly ADD node_modules/ms
903 silly ADD node_modules/raw-body
904 silly ADD node_modules/iconv-lite
905 silly ADD node_modules/bytes
906 silly ADD node_modules/negotiator
907 silly ADD node_modules/negotiator/node_modules/content-type
908 silly ADD node_modules/type-is
909 silly ADD node_modules/type-is/node_modules/content-type
910 silly ADD node_modules/statuses
911 silly ADD node_modules/serve-static
912 silly ADD node_modules/send
913 silly ADD node_modules/router
914 silly ADD node_modules/range-parser
915 silly ADD node_modules/qs
916 silly ADD node_modules/proxy-addr
917 silly ADD node_modules/parseurl
918 silly ADD node_modules/once
919 silly ADD node_modules/on-finished
920 silly ADD node_modules/mime-types
921 silly ADD node_modules/merge-descriptors
922 silly ADD node_modules/http-errors
923 silly ADD node_modules/fresh
924 silly ADD node_modules/finalhandler
925 silly ADD node_modules/etag
926 silly ADD node_modules/escape-html
927 silly ADD node_modules/encodeurl
928 silly ADD node_modules/depd
929 silly ADD node_modules/debug
930 silly ADD node_modules/cookie-signature
931 silly ADD node_modules/cookie
932 silly ADD node_modules/content-type
933 silly ADD node_modules/content-disposition
934 silly ADD node_modules/body-parser
935 silly ADD node_modules/body-parser/node_modules/content-type
936 silly ADD node_modules/accepts
937 silly ADD node_modules/vary
938 silly ADD node_modules/object-assign
939 silly ADD node_modules/undici-types
940 silly ADD node_modules/@types/node
941 silly ADD node_modules/mysql2
942 silly ADD node_modules/jsonwebtoken
943 silly ADD node_modules/helmet
944 silly ADD node_modules/express-rate-limit
945 silly ADD node_modules/express
946 silly ADD node_modules/dotenv
947 silly ADD node_modules/cors
948 silly ADD node_modules/bcryptjs
949 verbose cwd C:\Users\ASUS\Desktop\GoogleReview\google-review-backend
950 verbose os Windows_NT 10.0.19045
951 verbose node v22.22.1
952 verbose npm  v11.14.1
953 verbose exit 0
954 info ok
